Archive member included to satisfy reference by file (symbol)

app/libapp.a(main.c.obj)      (--whole-archive)
zephyr/libzephyr.a(heap.c.obj)
                              (--whole-archive)
zephyr/libzephyr.a(cbprintf_packaged.c.obj)
                              (--whole-archive)
zephyr/libzephyr.a(printk.c.obj)
                              (--whole-archive)
zephyr/libzephyr.a(sem.c.obj)
                              (--whole-archive)
zephyr/libzephyr.a(thread_entry.c.obj)
                              (--whole-archive)
zephyr/libzephyr.a(cbprintf_complete.c.obj)
                              (--whole-archive)
zephyr/libzephyr.a(assert.c.obj)
                              (--whole-archive)
zephyr/libzephyr.a(mpsc_pbuf.c.obj)
                              (--whole-archive)
zephyr/libzephyr.a(dec.c.obj)
                              (--whole-archive)
zephyr/libzephyr.a(hex.c.obj)
                              (--whole-archive)
zephyr/libzephyr.a(rb.c.obj)  (--whole-archive)
zephyr/libzephyr.a(timeutil.c.obj)
                              (--whole-archive)
zephyr/libzephyr.a(bitarray.c.obj)
                              (--whole-archive)
zephyr/libzephyr.a(onoff.c.obj)
                              (--whole-archive)
zephyr/libzephyr.a(notify.c.obj)
                              (--whole-archive)
zephyr/libzephyr.a(ring_buffer.c.obj)
                              (--whole-archive)
zephyr/libzephyr.a(last_section_id.c.obj)
                              (--whole-archive)
zephyr/libzephyr.a(configs.c.obj)
                              (--whole-archive)
zephyr/libzephyr.a(log_core.c.obj)
                              (--whole-archive)
zephyr/libzephyr.a(log_mgmt.c.obj)
                              (--whole-archive)
zephyr/libzephyr.a(log_cache.c.obj)
                              (--whole-archive)
zephyr/libzephyr.a(log_msg.c.obj)
                              (--whole-archive)
zephyr/libzephyr.a(log_output.c.obj)
                              (--whole-archive)
zephyr/libzephyr.a(log_backend_uart.c.obj)
                              (--whole-archive)
zephyr/libzephyr.a(mem_attr.c.obj)
                              (--whole-archive)
zephyr/libzephyr.a(tracing_none.c.obj)
                              (--whole-archive)
zephyr/libzephyr.a(usb_device.c.obj)
                              (--whole-archive)
zephyr/libzephyr.a(usb_descriptor.c.obj)
                              (--whole-archive)
zephyr/libzephyr.a(usb_transfer.c.obj)
                              (--whole-archive)
zephyr/libzephyr.a(cdc_acm.c.obj)
                              (--whole-archive)
zephyr/libzephyr.a(usb_work_q.c.obj)
                              (--whole-archive)
zephyr/libzephyr.a(banner.c.obj)
                              (--whole-archive)
zephyr/libzephyr.a(flash_map_partition_manager.c.obj)
                              (--whole-archive)
zephyr/libzephyr.a(nrf_cc3xx_platform_abort_zephyr.c.obj)
                              (--whole-archive)
zephyr/libzephyr.a(nrf_cc3xx_platform_mutex_zephyr.c.obj)
                              (--whole-archive)
zephyr/arch/common/libarch__common.a(sw_isr_common.c.obj)
                              (--whole-archive)
zephyr/arch/arch/arm/core/libarch__arm__core.a(fatal.c.obj)
                              (--whole-archive)
zephyr/arch/arch/arm/core/libarch__arm__core.a(nmi.c.obj)
                              (--whole-archive)
zephyr/arch/arch/arm/core/libarch__arm__core.a(nmi_on_reset.S.obj)
                              (--whole-archive)
zephyr/arch/arch/arm/core/libarch__arm__core.a(tls.c.obj)
                              (--whole-archive)
zephyr/arch/arch/arm/core/cortex_m/libarch__arm__core__cortex_m.a(exc_exit.c.obj)
                              (--whole-archive)
zephyr/arch/arch/arm/core/cortex_m/libarch__arm__core__cortex_m.a(fault.c.obj)
                              (--whole-archive)
zephyr/arch/arch/arm/core/cortex_m/libarch__arm__core__cortex_m.a(fault_s.S.obj)
                              (--whole-archive)
zephyr/arch/arch/arm/core/cortex_m/libarch__arm__core__cortex_m.a(fpu.c.obj)
                              (--whole-archive)
zephyr/arch/arch/arm/core/cortex_m/libarch__arm__core__cortex_m.a(reset.S.obj)
                              (--whole-archive)
zephyr/arch/arch/arm/core/cortex_m/libarch__arm__core__cortex_m.a(scb.c.obj)
                              (--whole-archive)
zephyr/arch/arch/arm/core/cortex_m/libarch__arm__core__cortex_m.a(thread_abort.c.obj)
                              (--whole-archive)
zephyr/arch/arch/arm/core/cortex_m/libarch__arm__core__cortex_m.a(vector_table.S.obj)
                              (--whole-archive)
zephyr/arch/arch/arm/core/cortex_m/libarch__arm__core__cortex_m.a(swap_helper.S.obj)
                              (--whole-archive)
zephyr/arch/arch/arm/core/cortex_m/libarch__arm__core__cortex_m.a(irq_manage.c.obj)
                              (--whole-archive)
zephyr/arch/arch/arm/core/cortex_m/libarch__arm__core__cortex_m.a(prep_c.c.obj)
[...]
Memory Configuration

Name             Origin             Length             Attributes
FLASH            0x0000000000001000 0x00000000000ff000 xr
RAM              0x0000000020000000 0x0000000000040000 xw
IDT_LIST         0x00000000ffff7fff 0x0000000000008000 xw
*default*        0x0000000000000000 0xffffffffffffffff

Linker script and memory map

                0x000000000000b7ec                vfprintf = __l_vfprintf
                0x0000000000000000                vfscanf = __l_vfscanf
LOAD zephyr/CMakeFiles/zephyr_pre0.dir/misc/empty_file.c.obj
LOAD zephyr/CMakeFiles/offsets.dir/./arch/arm/core/offsets/offsets.c.obj
LOAD app/libapp.a
LOAD zephyr/libzephyr.a
LOAD zephyr/arch/common/libarch__common.a
LOAD zephyr/arch/arch/arm/core/libarch__arm__core.a
LOAD zephyr/arch/arch/arm/core/cortex_m/libarch__arm__core__cortex_m.a
LOAD zephyr/arch/arch/arm/core/mpu/libarch__arm__core__mpu.a
LOAD zephyr/lib/libc/picolibc/liblib__libc__picolibc.a
LOAD zephyr/lib/libc/common/liblib__libc__common.a
LOAD zephyr/soc/soc/nrf52840/libsoc__nordic.a
LOAD zephyr/boards/nordic/nrf52840dongle/libboards__nordic__nrf52840dongle.a
LOAD zephyr/subsys/usb/device/class/hid/libsubsys__usb__device__class__hid.a
LOAD zephyr/drivers/usb/device/libdrivers__usb__device.a
LOAD zephyr/drivers/usb/common/nrf_usbd_common/libdrivers__usb__common__nrf_usbd_common.a
LOAD zephyr/drivers/clock_control/libdrivers__clock_control.a
LOAD zephyr/drivers/console/libdrivers__console.a
LOAD zephyr/drivers/gpio/libdrivers__gpio.a
LOAD zephyr/drivers/hwinfo/libdrivers__hwinfo.a
LOAD zephyr/drivers/pinctrl/libdrivers__pinctrl.a
LOAD zephyr/drivers/serial/libdrivers__serial.a
LOAD zephyr/drivers/timer/libdrivers__timer.a
LOAD modules/nrf/lib/multithreading_lock/lib..__nrf__lib__multithreading_lock.a
LOAD modules/nrf/subsys/esb/lib..__nrf__subsys__esb.a
LOAD modules/nrf/subsys/mpsl/fem/lib..__nrf__subsys__mpsl__fem.a
LOAD modules/nrf/drivers/hw_cc3xx/lib..__nrf__drivers__hw_cc3xx.a
LOAD modules/hal_nordic/modules/hal_nordic/nrfx/libmodules__hal_nordic__nrfx.a
LOAD zephyr/kernel/libkernel.a
LOAD zephyr/arch/common/libisr_tables.a
LOAD C:/ncs/v3.0.2/nrfxlib/crypto/nrf_cc310_platform/lib/cortex-m4/soft-float/no-interrupts/libnrf_cc310_platform_0.9.19.a
LOAD C:/ncs/v3.0.2/nrfxlib/mpsl/fem/common/lib/nrf52/soft-float/libmpsl_fem_common.a
LOAD C:/ncs/v3.0.2/nrfxlib/mpsl/fem/nrf21540_gpio/lib/nrf52/soft-float/libmpsl_fem_nrf21540_gpio.a
LOAD C:/ncs/v3.0.2/nrfxlib/mpsl/fem/nrf21540_gpio_spi/lib/nrf52/soft-float/libmpsl_fem_nrf21540_gpio_spi.a
LOAD C:/ncs/v3.0.2/nrfxlib/mpsl/fem/nrf2220/lib/nrf52/soft-float/libmpsl_fem_nrf2220.a
LOAD C:/ncs/v3.0.2/nrfxlib/mpsl/fem/nrf2240/lib/nrf52/soft-float/libmpsl_fem_nrf2240.a
LOAD C:/ncs/v3.0.2/nrfxlib/mpsl/fem/nrf22xx/lib/nrf52/soft-float/libmpsl_fem_nrf22xx.a
LOAD C:/ncs/v3.0.2/nrfxlib/mpsl/fem/simple_gpio/lib/nrf52/soft-float/libmpsl_fem_simple_gpio.a
LOAD C:/ncs/v3.0.2/nrfxlib/mpsl/lib/nrf52/soft-float/libmpsl.a
LOAD c:\ncs\toolchains\0b393f9e1b\opt\zephyr-sdk\arm-zephyr-eabi\bin\../lib/gcc/../../picolibc/arm-zephyr-eabi/lib/thumb/v7e-m/nofp\libc.a
LOAD c:/ncs/toolchains/0b393f9e1b/opt/zephyr-sdk/arm-zephyr-eabi/bin/../lib/gcc/arm-zephyr-eabi/12.2.0/thumb/v7e-m/nofp\libgcc.a
                0x0000000000000020                _region_min_align = 0x20

.rel.plt        0x0000000000001000        0x0
 *(SORT_BY_ALIGNMENT(.rel.plt))
                [!provide]                        PROVIDE (__rel_iplt_start = .)
 *(SORT_BY_ALIGNMENT(.rel.iplt))
 .rel.iplt      0x0000000000001000        0x0 app/libapp.a(main.c.obj)
                [!provide]                        PROVIDE (__rel_iplt_end = .)

.rela.plt       0x0000000000000000        0x0
 *(SORT_BY_ALIGNMENT(.rela.plt))
                [!provide]                        PROVIDE (__rela_iplt_start = .)
 *(SORT_BY_ALIGNMENT(.rela.iplt))
                [!provide]                        PROVIDE (__rela_iplt_end = .)

.rel.dyn
 *(SORT_BY_ALIGNMENT(.rel.*))

.rela.dyn
 *(SORT_BY_ALIGNMENT(.rela.*))

/DISCARD/
 *(SORT_BY_ALIGNMENT(.plt))

/DISCARD/
 *(SORT_BY_ALIGNMENT(.iplt))
                0x0000000000001000                __rom_region_start = 0x1000

rom_start       0x0000000000001000      0x100
                0x0000000000001000                __rom_start_address = .
 FILL mask 0x00
                0x0000000000001000                . = (. + (0x0 - (. - __rom_start_address)))
                0x0000000000001000                . = ALIGN (0x4)
                0x0000000000001000                . = ALIGN (0x80)
                0x0000000000001000                . = ALIGN (0x100)
                0x0000000000001000                _vector_start = .
 *(SORT_BY_ALIGNMENT(.exc_vector_table))
 *(SORT_BY_ALIGNMENT(.exc_vector_table.*))
 .exc_vector_table._vector_table_section
                0x0000000000001000       0x40 zephyr/arch/arch/arm/core/cortex_m/libarch__arm__core__cortex_m.a(vector_table.S.obj)
                0x0000000000001000                _vector_table
 *(SORT_BY_ALIGNMENT(.vectors))
                0x0000000000001100                _vector_end = .
                0x0000000000001040                . = ALIGN (0x4)
 *(SORT_BY_ALIGNMENT(.gnu.linkonce.irq_vector_table*))
 .gnu.linkonce.irq_vector_table
                0x0000000000001040       0xc0 zephyr/arch/common/libisr_tables.a(isr_tables.c.obj)
                0x0000000000001040                _irq_vector_table
                0x0000000000001100                _vector_end = .

text            0x0000000000001100     0xd040
                0x0000000000001100                __text_region_start = .
 *(SORT_BY_ALIGNMENT(.text))
 .text          0x0000000000001100        0xc C:/ncs/v3.0.2/nrfxlib/mpsl/fem/common/lib/nrf52/soft-float/libmpsl_fem_common.a(libmpsl_fem_common_debug_soft__obfuscated.elf)
                0x0000000000001100                mpsl_fem_disable
 .text          0x000000000000110c        0xc C:/ncs/v3.0.2/nrfxlib/mpsl/fem/common/lib/nrf52/soft-float/libmpsl_fem_common.a(libmpsl_fem_common_debug_soft__obfuscated.elf)
                0x000000000000110c                mpsl_fem_pa_configuration_set
 .text          0x0000000000001118        0xc C:/ncs/v3.0.2/nrfxlib/mpsl/fem/common/lib/nrf52/soft-float/libmpsl_fem_common.a(libmpsl_fem_common_debug_soft__obfuscated.elf)
                0x0000000000001118                mpsl_fem_lna_configuration_set
 .text          0x0000000000001124        0xc C:/ncs/v3.0.2/nrfxlib/mpsl/fem/common/lib/nrf52/soft-float/libmpsl_fem_common.a(libmpsl_fem_common_debug_soft__obfuscated.elf)
                0x0000000000001124                mpsl_fem_pa_configuration_clear
 .text          0x0000000000001130        0xc C:/ncs/v3.0.2/nrfxlib/mpsl/fem/common/lib/nrf52/soft-float/libmpsl_fem_common.a(libmpsl_fem_common_debug_soft__obfuscated.elf)
                0x0000000000001130                mpsl_fem_lna_configuration_clear
 .text          0x000000000000113c        0xc C:/ncs/v3.0.2/nrfxlib/mpsl/fem/common/lib/nrf52/soft-float/libmpsl_fem_common.a(libmpsl_fem_common_debug_soft__obfuscated.elf)
                0x000000000000113c                mpsl_fem_deactivate_now
 .text          0x0000000000001148        0xc C:/ncs/v3.0.2/nrfxlib/mpsl/fem/common/lib/nrf52/soft-float/libmpsl_fem_common.a(libmpsl_fem_common_debug_soft__obfuscated.elf)
                0x0000000000001148                mpsl_fem_pa_power_control_set
 .text          0x0000000000001154       0x14 C:/ncs/v3.0.2/nrfxlib/mpsl/fem/common/lib/nrf52/soft-float/libmpsl_fem_common.a(libmpsl_fem_common_debug_soft__obfuscated.elf)
                0x0000000000001154                mpsl_fem_tx_power_split
 .text          0x0000000000001168       0x54 C:/ncs/v3.0.2/nrfxlib/mpsl/lib/nrf52/soft-float/libmpsl.a(libmpsl_debug_soft__obfuscated.elf)
                0x0000000000001168                sym_VWOYI7XCNXBFVPWSS6WFJ2CWKPJYCMRRQTU7QWQ
 .text          0x00000000000011bc       0x20 C:/ncs/v3.0.2/nrfxlib/mpsl/lib/nrf52/soft-float/libmpsl.a(libmpsl_debug_soft__obfuscated.elf)
                0x00000000000011bc                mpsl_tx_power_radio_supported_power_adjust
 .text          0x00000000000011dc       0x80 C:/ncs/v3.0.2/nrfxlib/mpsl/lib/nrf52/soft-float/libmpsl.a(libmpsl_debug_soft__obfuscated.elf)
                0x00000000000011dc                sym_JBMIQXYLJQQB56KLSIZ2WVKBMEMRZHLRBGLEPTA
 .text          0x000000000000125c       0x24 C:/ncs/v3.0.2/nrfxlib/mpsl/lib/nrf52/soft-float/libmpsl.a(libmpsl_debug_soft__obfuscated.elf)
 .text          0x0000000000001280       0x58 C:/ncs/v3.0.2/nrfxlib/mpsl/lib/nrf52/soft-float/libmpsl.a(libmpsl_debug_soft__obfuscated.elf)
                0x0000000000001280                sym_S2UAPMFVIQXDUOA6CV7GJMB33TYHEUH5D6LHO5Q
 .text          0x00000000000012d8       0x18 C:/ncs/v3.0.2/nrfxlib/mpsl/lib/nrf52/soft-float/libmpsl.a(libmpsl_debug_soft__obfuscated.elf)
                0x00000000000012d8                sym_CG4RHEKAJT5SDDAMNZDGCGOIJ7U3JN5EOJ5RYKA
 .text          0x00000000000012f0       0x14 C:/ncs/v3.0.2/nrfxlib/mpsl/lib/nrf52/soft-float/libmpsl.a(libmpsl_debug_soft__obfuscated.elf)
                0x00000000000012f0                sym_BN6ZO2NBHRGKZ2NRQYWFBXVGKNG6Y5K55UNAWGA
 .text          0x0000000000001304       0x14 C:/ncs/v3.0.2/nrfxlib/mpsl/lib/nrf52/soft-float/libmpsl.a(libmpsl_debug_soft__obfuscated.elf)
                0x0000000000001304                sym_5EMXP3L6SPQSCAJKKRH62ZOKJCCSKLI3WEX2WHY
 .text          0x0000000000001318       0x14 C:/ncs/v3.0.2/nrfxlib/mpsl/lib/nrf52/soft-float/libmpsl.a(libmpsl_debug_soft__obfuscated.elf)
                0x0000000000001318                sym_H2QJCU2ORTYAFBAQQ2FHUYIAZO4HCXEKCQ4SS2Q
 .text          0x000000000000132c       0x14 C:/ncs/v3.0.2/nrfxlib/mpsl/lib/nrf52/soft-float/libmpsl.a(libmpsl_debug_soft__obfuscated.elf)
                0x000000000000132c                sym_SWIBDSDMHUYNCG5ZWLB52J7NETJIUBPCO5IIQFA
 .text          0x0000000000001340       0x18 C:/ncs/v3.0.2/nrfxlib/mpsl/lib/nrf52/soft-float/libmpsl.a(libmpsl_debug_soft__obfuscated.elf)
                0x0000000000001340                sym_QPP3IZFSWHUV4JQ6ODMIVIARPB4PQYUFESV7BRQ
 .text          0x0000000000001358       0x14 C:/ncs/v3.0.2/nrfxlib/mpsl/lib/nrf52/soft-float/libmpsl.a(libmpsl_debug_soft__obfuscated.elf)
                0x0000000000001358                sym_6PVOPWDLWTXOTRZZ7LP36TLYTLPTQHNAUQNFHEA
 .text          0x000000000000136c       0x14 C:/ncs/v3.0.2/nrfxlib/mpsl/lib/nrf52/soft-float/libmpsl.a(libmpsl_debug_soft__obfuscated.elf)
                0x000000000000136c                sym_USR4MDT6VMTQLOGKNN4MALBZ3GJPD2KOEY4HFAQ
 .text          0x0000000000001380       0x30 c:/ncs/toolchains/0b393f9e1b/opt/zephyr-sdk/arm-zephyr-eabi/bin/../lib/gcc/arm-zephyr-eabi/12.2.0/thumb/v7e-m/nofp\libgcc.a(_aeabi_uldivmod.o)
                0x0000000000001380                __aeabi_uldivmod
 .text          0x00000000000013b0        0x4 c:/ncs/toolchains/0b393f9e1b/opt/zephyr-sdk/arm-zephyr-eabi/bin/../lib/gcc/arm-zephyr-eabi/12.2.0/thumb/v7e-m/nofp\libgcc.a(_dvmd_tls.o)
                0x00000000000013b0                __aeabi_idiv0
                0x00000000000013b0                __aeabi_ldiv0
 .text          0x00000000000013b4        0xe C:/ncs/v3.0.2/nrfxlib/mpsl/fem/common/lib/nrf52/soft-float/libmpsl_fem_common.a(libmpsl_fem_common_debug_soft__obfuscated.elf)
                0x00000000000013b4                mpsl_fem_init
 .text          0x00000000000013c2       0x20 C:/ncs/v3.0.2/nrfxlib/mpsl/fem/common/lib/nrf52/soft-float/libmpsl_fem_common.a(libmpsl_fem_common_debug_soft__obfuscated.elf)
                0x00000000000013c2                sym_PX4SKXGNX25XLMGGWQM65ZRFHI6666YGHL6AYMA
 .text          0x00000000000013e2        0x6 C:/ncs/v3.0.2/nrfxlib/mpsl/fem/common/lib/nrf52/soft-float/libmpsl_fem_common.a(libmpsl_fem_common_debug_soft__obfuscated.elf)
 .text          0x00000000000013e8        0x2 C:/ncs/v3.0.2/nrfxlib/mpsl/fem/common/lib/nrf52/soft-float/libmpsl_fem_common.a(libmpsl_fem_common_debug_soft__obfuscated.elf)
 .text          0x00000000000013ea        0x4 C:/ncs/v3.0.2/nrfxlib/mpsl/fem/common/lib/nrf52/soft-float/libmpsl_fem_common.a(libmpsl_fem_common_debug_soft__obfuscated.elf)
 .text          0x00000000000013ee        0x6 C:/ncs/v3.0.2/nrfxlib/mpsl/fem/common/lib/nrf52/soft-float/libmpsl_fem_common.a(libmpsl_fem_common_debug_soft__obfuscated.elf)
 .text          0x00000000000013f4        0x6 C:/ncs/v3.0.2/nrfxlib/mpsl/fem/common/lib/nrf52/soft-float/libmpsl_fem_common.a(libmpsl_fem_common_debug_soft__obfuscated.elf)
 .text          0x00000000000013fa        0x2 C:/ncs/v3.0.2/nrfxlib/mpsl/fem/common/lib/nrf52/soft-float/libmpsl_fem_common.a(libmpsl_fem_common_debug_soft__obfuscated.elf)
 .text          0x00000000000013fc        0x6 C:/ncs/v3.0.2/nrfxlib/mpsl/fem/common/lib/nrf52/soft-float/libmpsl_fem_common.a(libmpsl_fem_common_debug_soft__obfuscated.elf)
 .text          0x0000000000001402        0x4 C:/ncs/v3.0.2/nrfxlib/mpsl/fem/common/lib/nrf52/soft-float/libmpsl_fem_common.a(libmpsl_fem_common_debug_soft__obfuscated.elf)
 .text          0x0000000000001406        0x4 C:/ncs/v3.0.2/nrfxlib/mpsl/fem/common/lib/nrf52/soft-float/libmpsl_fem_common.a(libmpsl_fem_common_debug_soft__obfuscated.elf)
 .text          0x000000000000140a        0x6 C:/ncs/v3.0.2/nrfxlib/mpsl/fem/common/lib/nrf52/soft-float/libmpsl_fem_common.a(libmpsl_fem_common_debug_soft__obfuscated.elf)
 .text          0x0000000000001410        0x6 C:/ncs/v3.0.2/nrfxlib/mpsl/fem/common/lib/nrf52/soft-float/libmpsl_fem_common.a(libmpsl_fem_common_debug_soft__obfuscated.elf)
 .text          0x0000000000001416        0x4 C:/ncs/v3.0.2/nrfxlib/mpsl/fem/common/lib/nrf52/soft-float/libmpsl_fem_common.a(libmpsl_fem_common_debug_soft__obfuscated.elf)
 .text          0x000000000000141a        0x6 C:/ncs/v3.0.2/nrfxlib/mpsl/fem/common/lib/nrf52/soft-float/libmpsl_fem_common.a(libmpsl_fem_common_debug_soft__obfuscated.elf)
 .text          0x0000000000001420        0x6 C:/ncs/v3.0.2/nrfxlib/mpsl/fem/common/lib/nrf52/soft-float/libmpsl_fem_common.a(libmpsl_fem_common_debug_soft__obfuscated.elf)
 .text          0x0000000000001426        0x6 C:/ncs/v3.0.2/nrfxlib/mpsl/fem/common/lib/nrf52/soft-float/libmpsl_fem_common.a(libmpsl_fem_common_debug_soft__obfuscated.elf)
 .text          0x000000000000142c        0x2 C:/ncs/v3.0.2/nrfxlib/mpsl/fem/common/lib/nrf52/soft-float/libmpsl_fem_common.a(libmpsl_fem_common_debug_soft__obfuscated.elf)
 .text          0x000000000000142e        0xc C:/ncs/v3.0.2/nrfxlib/mpsl/lib/nrf52/soft-float/libmpsl.a(libmpsl_debug_soft__obfuscated.elf)
 .text          0x000000000000143a        0x4 C:/ncs/v3.0.2/nrfxlib/mpsl/lib/nrf52/soft-float/libmpsl.a(libmpsl_debug_soft__obfuscated.elf)
 .text          0x000000000000143e        0x8 C:/ncs/v3.0.2/nrfxlib/mpsl/lib/nrf52/soft-float/libmpsl.a(libmpsl_debug_soft__obfuscated.elf)
 .text          0x0000000000001446        0x4 C:/ncs/v3.0.2/nrfxlib/mpsl/lib/nrf52/soft-float/libmpsl.a(libmpsl_debug_soft__obfuscated.elf)
 .text          0x000000000000144a        0x4 C:/ncs/v3.0.2/nrfxlib/mpsl/lib/nrf52/soft-float/libmpsl.a(libmpsl_debug_soft__obfuscated.elf)
 .text          0x000000000000144e       0x14 c:\ncs\toolchains\0b393f9e1b\opt\zephyr-sdk\arm-zephyr-eabi\bin\../lib/gcc/../../picolibc/arm-zephyr-eabi/lib/thumb/v7e-m/nofp\libc.a(strcmp.S.o)
                0x000000000000144e                strcmp
 .text          0x0000000000001462       0x10 c:\ncs\toolchains\0b393f9e1b\opt\zephyr-sdk\arm-zephyr-eabi\bin\../lib/gcc/../../picolibc/arm-zephyr-eabi/lib/thumb/v7e-m/nofp\libc.a(strlen.S.o)
                0x0000000000001462                strlen
 .text          0x0000000000001472      0x2a0 c:/ncs/toolchains/0b393f9e1b/opt/zephyr-sdk/arm-zephyr-eabi/bin/../lib/gcc/arm-zephyr-eabi/12.2.0/thumb/v7e-m/nofp\libgcc.a(_udivmoddi4.o)
                0x0000000000001472                __udivmoddi4
 *(SORT_BY_ALIGNMENT(.text.*))
 *fill*         0x0000000000001712        0x2 
 .text.usb_status_cb.part.0
                0x0000000000001714       0x34 app/libapp.a(main.c.obj)
 .text.usb_status_cb
                0x0000000000001748       0x3c app/libapp.a(main.c.obj)
 .text.receiver_esb_event_handler.part.0
                0x0000000000001784      0x138 app/libapp.a(main.c.obj)
 .text.receiver_esb_event_handler
                0x00000000000018bc       0x2c app/libapp.a(main.c.obj)
                0x00000000000018bc                receiver_esb_event_handler
 .text.main     0x00000000000018e8      0x1ac app/libapp.a(main.c.obj)
                0x00000000000018e8                main
 .text.cbvprintf_package
                0x0000000000001a94      0x3a4 zephyr/libzephyr.a(cbprintf_packaged.c.obj)
                0x0000000000001a94                cbvprintf_package
 .text.cbprintf_package_convert
                0x0000000000001e38      0x3cc zephyr/libzephyr.a(cbprintf_packaged.c.obj)
                0x0000000000001e38                cbprintf_package_convert
 .text.__printk_hook_install
                0x0000000000002204        0xc zephyr/libzephyr.a(printk.c.obj)
                0x0000000000002204                __printk_hook_install
 .text.z_thread_entry
                0x0000000000002210       0x34 zephyr/libzephyr.a(thread_entry.c.obj)
                0x0000000000002210                z_thread_entry
 .text.process_event
                0x0000000000002244      0x21c zephyr/libzephyr.a(onoff.c.obj)
 .text.activate_foreach_backend
                0x0000000000002460       0x64 zephyr/libzephyr.a(log_core.c.obj)
 .text.enable_logger
                0x00000000000024c4       0x5c zephyr/libzephyr.a(log_core.c.obj)
 .text.log_process_thread_timer_expiry_fn
                0x0000000000002520        0xc zephyr/libzephyr.a(log_core.c.obj)
 .text.z_log_init
                0x000000000000252c       0x90 zephyr/libzephyr.a(log_core.c.obj)
 .text.log_format_func_t_get
                0x00000000000025bc        0xc zephyr/libzephyr.a(log_core.c.obj)
                0x00000000000025bc                log_format_func_t_get
 .text.log_set_timestamp_func
                0x00000000000025c8       0x20 zephyr/libzephyr.a(log_core.c.obj)
                0x00000000000025c8                log_set_timestamp_func
 .text.z_log_notify_backend_enabled
                0x00000000000025e8       0x1c zephyr/libzephyr.a(log_core.c.obj)
                0x00000000000025e8                z_log_notify_backend_enabled
 .text.z_log_dropped
                0x0000000000002604       0x44 zephyr/libzephyr.a(log_core.c.obj)
                0x0000000000002604                z_log_dropped
 .text.z_log_dropped_read_and_clear
                0x0000000000002648       0x20 zephyr/libzephyr.a(log_core.c.obj)
                0x0000000000002648                z_log_dropped_read_and_clear
 .text.dropped_notify
                0x0000000000002668       0x30 zephyr/libzephyr.a(log_core.c.obj)
                0x0000000000002668                dropped_notify
 .text.z_log_msg_init
                0x0000000000002698       0x20 zephyr/libzephyr.a(log_core.c.obj)
                0x0000000000002698                z_log_msg_init
 .text.log_core_init
                0x00000000000026b8       0x34 zephyr/libzephyr.a(log_core.c.obj)
                0x00000000000026b8                log_core_init
 .text.z_log_msg_alloc
                0x00000000000026ec       0x10 zephyr/libzephyr.a(log_core.c.obj)
                0x00000000000026ec                z_log_msg_alloc
 .text.z_log_msg_local_claim
                0x00000000000026fc        0xc zephyr/libzephyr.a(log_core.c.obj)
                0x00000000000026fc                z_log_msg_local_claim
 .text.z_log_msg_free
                0x0000000000002708       0x10 zephyr/libzephyr.a(log_core.c.obj)
                0x0000000000002708                z_log_msg_free
 .text.z_log_msg_pending
                0x0000000000002718        0xc zephyr/libzephyr.a(log_core.c.obj)
                0x0000000000002718                z_log_msg_pending
 .text.z_impl_log_process
                0x0000000000002724       0xbc zephyr/libzephyr.a(log_core.c.obj)
                0x0000000000002724                z_impl_log_process
 .text.z_impl_log_panic
                0x00000000000027e0       0x44 zephyr/libzephyr.a(log_core.c.obj)
                0x00000000000027e0                z_impl_log_panic
 .text.log_process_thread_func
                0x0000000000002824       0xa4 zephyr/libzephyr.a(log_core.c.obj)
 .text.z_log_msg_post_finalize
                0x00000000000028c8       0x78 zephyr/libzephyr.a(log_core.c.obj)
 .text.z_log_msg_commit
                0x0000000000002940       0x24 zephyr/libzephyr.a(log_core.c.obj)
                0x0000000000002940                z_log_msg_commit
 .text.log_source_name_get
                0x0000000000002964       0x1c zephyr/libzephyr.a(log_mgmt.c.obj)
                0x0000000000002964                log_source_name_get
 .text.log_backend_enable
                0x0000000000002980       0x28 zephyr/libzephyr.a(log_mgmt.c.obj)
                0x0000000000002980                log_backend_enable
 .text.z_impl_z_log_msg_static_create
                0x00000000000029a8      0x108 zephyr/libzephyr.a(log_msg.c.obj)
                0x00000000000029a8                z_impl_z_log_msg_static_create
 .text.z_log_msg_runtime_vcreate
                0x0000000000002ab0       0xa0 zephyr/libzephyr.a(log_msg.c.obj)
                0x0000000000002ab0                z_log_msg_runtime_vcreate
 .text.log_msg_get_source_id
                0x0000000000002b50       0x18 zephyr/libzephyr.a(log_msg.c.obj)
                0x0000000000002b50                log_msg_get_source_id
 .text.print_formatted
                0x0000000000002b68       0x24 zephyr/libzephyr.a(log_output.c.obj)
 .text.newline_print
                0x0000000000002b8c       0x1c zephyr/libzephyr.a(log_output.c.obj)
 .text.log_output_process
                0x0000000000002ba8      0x2d4 zephyr/libzephyr.a(log_output.c.obj)
                0x0000000000002ba8                log_output_process
 .text.log_output_dropped_process
                0x0000000000002e7c       0x58 zephyr/libzephyr.a(log_output.c.obj)
                0x0000000000002e7c                log_output_dropped_process
 .text.log_output_timestamp_freq_set
                0x0000000000002ed4       0x2c zephyr/libzephyr.a(log_output.c.obj)
                0x0000000000002ed4                log_output_timestamp_freq_set
 .text.char_out
                0x0000000000002f00       0x24 zephyr/libzephyr.a(log_backend_uart.c.obj)
 .text.mem_attr_get_regions
                0x0000000000002f24        0xc zephyr/libzephyr.a(mem_attr.c.obj)
                0x0000000000002f24                mem_attr_get_regions
 .text.class_handler
                0x0000000000002f30       0x40 zephyr/libzephyr.a(usb_device.c.obj)
 .text.custom_handler
                0x0000000000002f70       0x60 zephyr/libzephyr.a(usb_device.c.obj)
 .text.vendor_handler
                0x0000000000002fd0       0x3c zephyr/libzephyr.a(usb_device.c.obj)
 .text.disable_endpoint
                0x000000000000300c       0x2c zephyr/libzephyr.a(usb_device.c.obj)
 .text.usb_reset_alt_setting
                0x0000000000003038       0x10 zephyr/libzephyr.a(usb_device.c.obj)
 .text.is_ep_valid.part.0
                0x0000000000003048       0x38 zephyr/libzephyr.a(usb_device.c.obj)
 .text.usb_handle_request.constprop.0
                0x0000000000003080       0x2c zephyr/libzephyr.a(usb_device.c.obj)
 .text.forward_status_cb
                0x00000000000030ac       0xac zephyr/libzephyr.a(usb_device.c.obj)
 .text.usb_halt_endpoint_req.isra.0
                0x0000000000003158       0x50 zephyr/libzephyr.a(usb_device.c.obj)
 .text.set_endpoint
                0x00000000000031a8       0x84 zephyr/libzephyr.a(usb_device.c.obj)
 .text.usb_handle_standard_request
                0x000000000000322c      0x29c zephyr/libzephyr.a(usb_device.c.obj)
 .text.usb_data_to_host
                0x00000000000034c8       0x60 zephyr/libzephyr.a(usb_device.c.obj)
 .text.usb_handle_control_transfer
                0x0000000000003528       0xdc zephyr/libzephyr.a(usb_device.c.obj)
 .text.usb_set_config
                0x0000000000003604       0x2c zephyr/libzephyr.a(usb_device.c.obj)
                0x0000000000003604                usb_set_config
 .text.usb_enable
                0x0000000000003630      0x13c zephyr/libzephyr.a(usb_device.c.obj)
                0x0000000000003630                usb_enable
 .text.usb_update_sn_string_descriptor
                0x000000000000376c       0x88 zephyr/libzephyr.a(usb_descriptor.c.obj)
                0x000000000000376c                usb_update_sn_string_descriptor
 .text.usb_get_device_descriptor
                0x00000000000037f4      0x1e4 zephyr/libzephyr.a(usb_descriptor.c.obj)
                0x00000000000037f4                usb_get_device_descriptor
 .text.usb_ep_get_transfer
                0x00000000000039d8       0x2c zephyr/libzephyr.a(usb_transfer.c.obj)
 .text.usb_transfer_work
                0x0000000000003a04      0x100 zephyr/libzephyr.a(usb_transfer.c.obj)
 .text.usb_transfer_ep_callback
                0x0000000000003b04       0x5c zephyr/libzephyr.a(usb_transfer.c.obj)
                0x0000000000003b04                usb_transfer_ep_callback
 .text.usb_transfer
                0x0000000000003b60       0xe0 zephyr/libzephyr.a(usb_transfer.c.obj)
                0x0000000000003b60                usb_transfer
 .text.usb_cancel_transfer
                0x0000000000003c40       0x3c zephyr/libzephyr.a(usb_transfer.c.obj)
                0x0000000000003c40                usb_cancel_transfer
 .text.usb_cancel_transfers
                0x0000000000003c7c       0x44 zephyr/libzephyr.a(usb_transfer.c.obj)
                0x0000000000003c7c                usb_cancel_transfers
 .text.usb_transfer_init
                0x0000000000003cc0       0x34 zephyr/libzephyr.a(usb_transfer.c.obj)
                0x0000000000003cc0                usb_transfer_init
 .text.cdc_acm_irq_rx_enable
                0x0000000000003cf4       0x20 zephyr/libzephyr.a(cdc_acm.c.obj)
 .text.cdc_acm_irq_tx_enable
                0x0000000000003d14       0x20 zephyr/libzephyr.a(cdc_acm.c.obj)
 .text.cdc_acm_fifo_fill
                0x0000000000003d34       0x3c zephyr/libzephyr.a(cdc_acm.c.obj)
 .text.cdc_acm_write_cb
                0x0000000000003d70       0x54 zephyr/libzephyr.a(cdc_acm.c.obj)
 .text.cdc_acm_class_handle_req
                0x0000000000003dc4       0x64 zephyr/libzephyr.a(cdc_acm.c.obj)
                0x0000000000003dc4                cdc_acm_class_handle_req
 .text.cdc_acm_int_in
                0x0000000000003e28       0x18 zephyr/libzephyr.a(cdc_acm.c.obj)
 .text.cdc_acm_reset_port
                0x0000000000003e40       0x3c zephyr/libzephyr.a(cdc_acm.c.obj)
 .text.tx_work_handler
                0x0000000000003e7c       0x64 zephyr/libzephyr.a(cdc_acm.c.obj)
 .text.cdc_acm_init
                0x0000000000003ee0       0x48 zephyr/libzephyr.a(cdc_acm.c.obj)
 .text.cdc_acm_send_notification.isra.0
                0x0000000000003f28       0x44 zephyr/libzephyr.a(cdc_acm.c.obj)
 .text.cdc_acm_poll_out
                0x0000000000003f6c       0x70 zephyr/libzephyr.a(cdc_acm.c.obj)
 .text.cdc_acm_read_cb
                0x0000000000003fdc       0x74 zephyr/libzephyr.a(cdc_acm.c.obj)
 .text.cdc_acm_dev_status_cb
                0x0000000000004050       0x84 zephyr/libzephyr.a(cdc_acm.c.obj)
 .text.z_usb_work_q_init
                0x00000000000040d4       0x34 zephyr/libzephyr.a(usb_work_q.c.obj)
 .text.boot_banner
                0x0000000000004108       0x1c zephyr/libzephyr.a(banner.c.obj)
                0x0000000000004108                boot_banner
 .text.nrf_cc3xx_platform_abort_init
                0x0000000000004124        0xc zephyr/libzephyr.a(nrf_cc3xx_platform_abort_zephyr.c.obj)
                0x0000000000004124                nrf_cc3xx_platform_abort_init
 .text.mutex_free_platform
                0x0000000000004130       0x54 zephyr/libzephyr.a(nrf_cc3xx_platform_mutex_zephyr.c.obj)
 .text.mutex_lock_platform
                0x0000000000004184       0x60 zephyr/libzephyr.a(nrf_cc3xx_platform_mutex_zephyr.c.obj)
 .text.mutex_unlock_platform
                0x00000000000041e4       0x58 zephyr/libzephyr.a(nrf_cc3xx_platform_mutex_zephyr.c.obj)
 .text.mutex_init_platform
                0x000000000000423c       0x94 zephyr/libzephyr.a(nrf_cc3xx_platform_mutex_zephyr.c.obj)
 .text.nrf_cc3xx_platform_mutex_init
                0x00000000000042d0       0x2c zephyr/libzephyr.a(nrf_cc3xx_platform_mutex_zephyr.c.obj)
                0x00000000000042d0                nrf_cc3xx_platform_mutex_init
 .text.z_arm_fatal_error
                0x00000000000042fc       0xb8 zephyr/arch/arch/arm/core/libarch__arm__core.a(fatal.c.obj)
                0x00000000000042fc                z_arm_fatal_error
 .text.z_SysNmiOnReset
                0x00000000000043b4        0x8 zephyr/arch/arch/arm/core/libarch__arm__core.a(nmi_on_reset.S.obj)
                0x00000000000043b4                z_SysNmiOnReset
 .text.arch_tls_stack_setup
                0x00000000000043bc       0x40 zephyr/arch/arch/arm/core/libarch__arm__core.a(tls.c.obj)
                0x00000000000043bc                arch_tls_stack_setup
 .text._HandlerModeExit
                0x00000000000043fc       0x28 zephyr/arch/arch/arm/core/cortex_m/libarch__arm__core__cortex_m.a(exc_exit.c.obj)
                0x00000000000043fc                z_arm_int_exit
                0x00000000000043fc                z_arm_exc_exit
 .text.bus_fault.constprop.0
                0x0000000000004424       0xd0 zephyr/arch/arch/arm/core/cortex_m/libarch__arm__core__cortex_m.a(fault.c.obj)
 .text.usage_fault.constprop.0
                0x00000000000044f4       0xa8 zephyr/arch/arch/arm/core/cortex_m/libarch__arm__core__cortex_m.a(fault.c.obj)
 .text.mem_manage_fault
                0x000000000000459c      0x104 zephyr/arch/arch/arm/core/cortex_m/libarch__arm__core__cortex_m.a(fault.c.obj)
 .text.z_arm_fault
                0x00000000000046a0      0x1d4 zephyr/arch/arch/arm/core/cortex_m/libarch__arm__core__cortex_m.a(fault.c.obj)
                0x00000000000046a0                z_arm_fault
 .text.z_arm_fault_init
                0x0000000000004874       0x18 zephyr/arch/arch/arm/core/cortex_m/libarch__arm__core__cortex_m.a(fault.c.obj)
                0x0000000000004874                z_arm_fault_init
 .text.__fault  0x000000000000488c       0x14 zephyr/arch/arch/arm/core/cortex_m/libarch__arm__core__cortex_m.a(fault_s.S.obj)
                0x000000000000488c                z_arm_usage_fault
                0x000000000000488c                z_arm_mpu_fault
                0x000000000000488c                z_arm_exc_spurious
                0x000000000000488c                z_arm_debug_monitor
                0x000000000000488c                z_arm_hard_fault
                0x000000000000488c                z_arm_bus_fault
 .text._reset_section
                0x00000000000048a0       0x54 zephyr/arch/arch/arm/core/cortex_m/libarch__arm__core__cortex_m.a(reset.S.obj)
                0x00000000000048a0                __start
                0x00000000000048a0                z_arm_reset
 .text.z_arm_clear_arm_mpu_config
                0x00000000000048f4       0x24 zephyr/arch/arch/arm/core/cortex_m/libarch__arm__core__cortex_m.a(scb.c.obj)
                0x00000000000048f4                z_arm_clear_arm_mpu_config
 .text.z_arm_init_arch_hw_at_boot
                0x0000000000004918       0x64 zephyr/arch/arch/arm/core/cortex_m/libarch__arm__core__cortex_m.a(scb.c.obj)
                0x0000000000004918                z_arm_init_arch_hw_at_boot
 .text.z_impl_k_thread_abort
                0x000000000000497c       0x2c zephyr/arch/arch/arm/core/cortex_m/libarch__arm__core__cortex_m.a(thread_abort.c.obj)
                0x000000000000497c                z_impl_k_thread_abort
 .text.z_arm_pendsv
                0x00000000000049a8       0x64 zephyr/arch/arch/arm/core/cortex_m/libarch__arm__core__cortex_m.a(swap_helper.S.obj)
                0x00000000000049a8                z_arm_pendsv
 .text.z_arm_svc
                0x0000000000004a0c       0x24 zephyr/arch/arch/arm/core/cortex_m/libarch__arm__core__cortex_m.a(swap_helper.S.obj)
                0x0000000000004a0c                z_arm_svc
 .text.arch_irq_enable
                0x0000000000004a30       0x1c zephyr/arch/arch/arm/core/cortex_m/libarch__arm__core__cortex_m.a(irq_manage.c.obj)
                0x0000000000004a30                arch_irq_enable
 .text.arch_irq_disable
                0x0000000000004a4c       0x28 zephyr/arch/arch/arm/core/cortex_m/libarch__arm__core__cortex_m.a(irq_manage.c.obj)
                0x0000000000004a4c                arch_irq_disable
 .text.arch_irq_is_enabled
                0x0000000000004a74       0x1c zephyr/arch/arch/arm/core/cortex_m/libarch__arm__core__cortex_m.a(irq_manage.c.obj)
                0x0000000000004a74                arch_irq_is_enabled
 .text.z_arm_irq_priority_set
                0x0000000000004a90       0x34 zephyr/arch/arch/arm/core/cortex_m/libarch__arm__core__cortex_m.a(irq_manage.c.obj)
                0x0000000000004a90                z_arm_irq_priority_set
 .text.z_prep_c
                0x0000000000004ac4       0x38 zephyr/arch/arch/arm/core/cortex_m/libarch__arm__core__cortex_m.a(prep_c.c.obj)
                0x0000000000004ac4                z_prep_c
 .text.arch_new_thread
                0x0000000000004afc       0x38 zephyr/arch/arch/arm/core/cortex_m/libarch__arm__core__cortex_m.a(thread.c.obj)
                0x0000000000004afc                arch_new_thread
 .text.z_check_thread_stack_fail
                0x0000000000004b34       0x2c zephyr/arch/arch/arm/core/cortex_m/libarch__arm__core__cortex_m.a(thread.c.obj)
                0x0000000000004b34                z_check_thread_stack_fail
 .text.arch_switch_to_main_thread
                0x0000000000004b60       0x3c zephyr/arch/arch/arm/core/cortex_m/libarch__arm__core__cortex_m.a(thread.c.obj)
                0x0000000000004b60                arch_switch_to_main_thread
 .text.z_arm_cpu_idle_init
                0x0000000000004b9c        0xc zephyr/arch/arch/arm/core/cortex_m/libarch__arm__core__cortex_m.a(cpu_idle.c.obj)
                0x0000000000004b9c                z_arm_cpu_idle_init
 .text.z_arm_interrupt_init
                0x0000000000004ba8       0x18 zephyr/arch/arch/arm/core/cortex_m/libarch__arm__core__cortex_m.a(irq_init.c.obj)
                0x0000000000004ba8                z_arm_interrupt_init
 .text._isr_wrapper
                0x0000000000004bc0       0x24 zephyr/arch/arch/arm/core/cortex_m/libarch__arm__core__cortex_m.a(isr_wrapper.c.obj)
                0x0000000000004bc0                _isr_wrapper
 .text.z_arm_configure_static_mpu_regions
                0x0000000000004be4       0x18 zephyr/arch/arch/arm/core/mpu/libarch__arm__core__mpu.a(arm_core_mpu.c.obj)
                0x0000000000004be4                z_arm_configure_static_mpu_regions
 .text.z_arm_configure_dynamic_mpu_regions
                0x0000000000004bfc       0x20 zephyr/arch/arch/arm/core/mpu/libarch__arm__core__mpu.a(arm_core_mpu.c.obj)
                0x0000000000004bfc                z_arm_configure_dynamic_mpu_regions
 .text.region_allocate_and_init
                0x0000000000004c1c       0x54 zephyr/arch/arch/arm/core/mpu/libarch__arm__core__mpu.a(arm_mpu.c.obj)
 .text.mpu_configure_regions
                0x0000000000004c70       0x68 zephyr/arch/arch/arm/core/mpu/libarch__arm__core__mpu.a(arm_mpu.c.obj)
 .text.arm_core_mpu_enable
                0x0000000000004cd8       0x18 zephyr/arch/arch/arm/core/mpu/libarch__arm__core__mpu.a(arm_mpu.c.obj)
                0x0000000000004cd8                arm_core_mpu_enable
 .text.arm_core_mpu_disable
                0x0000000000004cf0       0x14 zephyr/arch/arch/arm/core/mpu/libarch__arm__core__mpu.a(arm_mpu.c.obj)
                0x0000000000004cf0                arm_core_mpu_disable
 .text.arm_core_mpu_configure_static_mpu_regions
                0x0000000000004d04       0x14 zephyr/arch/arch/arm/core/mpu/libarch__arm__core__mpu.a(arm_mpu.c.obj)
                0x0000000000004d04                arm_core_mpu_configure_static_mpu_regions
 .text.arm_core_mpu_configure_dynamic_mpu_regions
                0x0000000000004d18       0x38 zephyr/arch/arch/arm/core/mpu/libarch__arm__core__mpu.a(arm_mpu.c.obj)
                0x0000000000004d18                arm_core_mpu_configure_dynamic_mpu_regions
 .text.z_arm_mpu_init
                0x0000000000004d50      0x17c zephyr/arch/arch/arm/core/mpu/libarch__arm__core__mpu.a(arm_mpu.c.obj)
                0x0000000000004d50                z_arm_mpu_init
 .text.cbvprintf
                0x0000000000004ecc       0x38 zephyr/lib/libc/picolibc/liblib__libc__picolibc.a(cbprintf.c.obj)
                0x0000000000004ecc                cbvprintf
 .text.z_impl_zephyr_fputc
                0x0000000000004f04       0x10 zephyr/lib/libc/picolibc/liblib__libc__picolibc.a(stdio.c.obj)
                0x0000000000004f04                z_impl_zephyr_fputc
 .text.__stdout_hook_install
                0x0000000000004f14       0x18 zephyr/lib/libc/picolibc/liblib__libc__picolibc.a(stdio.c.obj)
                0x0000000000004f14                __stdout_hook_install
 .text.malloc_prepare
                0x0000000000004f2c       0x24 zephyr/lib/libc/common/liblib__libc__common.a(malloc.c.obj)
 .text.nordicsemi_nrf52_init
                0x0000000000004f50       0x44 zephyr/soc/soc/nrf52840/libsoc__nordic.a(soc.c.obj)
 .text.arch_busy_wait
                0x0000000000004f94       0x14 zephyr/soc/soc/nrf52840/libsoc__nordic.a(soc.c.obj)
                0x0000000000004f94                arch_busy_wait
 .text.board_nrf52840dongle_nrf52840_init
                0x0000000000004fa8       0x7c zephyr/boards/nordic/nrf52840dongle/libboards__nordic__nrf52840dongle.a(board.c.obj)
 .text.hid_int_in.part.0
                0x0000000000005024       0x14 zephyr/subsys/usb/device/class/hid/libsubsys__usb__device__class__hid.a(core.c.obj)
 .text.hid_int_in
                0x0000000000005038       0x38 zephyr/subsys/usb/device/class/hid/libsubsys__usb__device__class__hid.a(core.c.obj)
 .text.hid_status_cb.part.0
                0x0000000000005070       0x2c zephyr/subsys/usb/device/class/hid/libsubsys__usb__device__class__hid.a(core.c.obj)
 .text.hid_status_cb
                0x000000000000509c       0xcc zephyr/subsys/usb/device/class/hid/libsubsys__usb__device__class__hid.a(core.c.obj)
 .text.hid_class_handle_req
                0x0000000000005168       0x94 zephyr/subsys/usb/device/class/hid/libsubsys__usb__device__class__hid.a(core.c.obj)
 .text.hid_custom_handle_req
                0x00000000000051fc       0x94 zephyr/subsys/usb/device/class/hid/libsubsys__usb__device__class__hid.a(core.c.obj)
 .text.usb_hid_register_device
                0x0000000000005290       0x2c zephyr/subsys/usb/device/class/hid/libsubsys__usb__device__class__hid.a(core.c.obj)
                0x0000000000005290                usb_hid_register_device
 .text.hid_int_ep_write
                0x00000000000052bc       0x34 zephyr/subsys/usb/device/class/hid/libsubsys__usb__device__class__hid.a(core.c.obj)
                0x00000000000052bc                hid_int_ep_write
 .text.endpoint_ctx
                0x00000000000052f0       0x60 zephyr/drivers/usb/device/libdrivers__usb__device.a(usb_dc_nrfx.c.obj)
 .text.usbd_work_schedule
                0x0000000000005350       0x10 zephyr/drivers/usb/device/libdrivers__usb__device.a(usb_dc_nrfx.c.obj)
 .text.usbd_evt_put
                0x0000000000005360        0xc zephyr/drivers/usb/device/libdrivers__usb__device.a(usb_dc_nrfx.c.obj)
 .text.usbd_evt_get
                0x000000000000536c       0x10 zephyr/drivers/usb/device/libdrivers__usb__device.a(usb_dc_nrfx.c.obj)
 .text.usb_init
                0x000000000000537c       0x70 zephyr/drivers/usb/device/libdrivers__usb__device.a(usb_dc_nrfx.c.obj)
 .text.hfxo_stop.constprop.0.isra.0
                0x00000000000053ec       0x40 zephyr/drivers/usb/device/libdrivers__usb__device.a(usb_dc_nrfx.c.obj)
 .text.eps_ctx_init
                0x000000000000542c       0x68 zephyr/drivers/usb/device/libdrivers__usb__device.a(usb_dc_nrfx.c.obj)
 .text.usbd_evt_flush
                0x0000000000005494       0x1c zephyr/drivers/usb/device/libdrivers__usb__device.a(usb_dc_nrfx.c.obj)
 .text.usbd_evt_alloc
                0x00000000000054b0       0x68 zephyr/drivers/usb/device/libdrivers__usb__device.a(usb_dc_nrfx.c.obj)
 .text.usb_dc_power_event_handler.part.0
                0x0000000000005518       0x14 zephyr/drivers/usb/device/libdrivers__usb__device.a(usb_dc_nrfx.c.obj)
 .text.usb_dc_power_event_handler
                0x000000000000552c       0x3c zephyr/drivers/usb/device/libdrivers__usb__device.a(usb_dc_nrfx.c.obj)
 .text.usbd_work_handler
                0x0000000000005568      0x348 zephyr/drivers/usb/device/libdrivers__usb__device.a(usb_dc_nrfx.c.obj)
 .text.usbd_event_transfer_data
                0x00000000000058b0       0xc8 zephyr/drivers/usb/device/libdrivers__usb__device.a(usb_dc_nrfx.c.obj)
 .text.usbd_event_handler
                0x0000000000005978      0x14c zephyr/drivers/usb/device/libdrivers__usb__device.a(usb_dc_nrfx.c.obj)
 .text.usb_dc_attach
                0x0000000000005ac4       0x64 zephyr/drivers/usb/device/libdrivers__usb__device.a(usb_dc_nrfx.c.obj)
                0x0000000000005ac4                usb_dc_attach
 .text.usb_dc_set_address
                0x0000000000005b28       0x24 zephyr/drivers/usb/device/libdrivers__usb__device.a(usb_dc_nrfx.c.obj)
                0x0000000000005b28                usb_dc_set_address
 .text.usb_dc_ep_check_cap
                0x0000000000005b4c       0x58 zephyr/drivers/usb/device/libdrivers__usb__device.a(usb_dc_nrfx.c.obj)
                0x0000000000005b4c                usb_dc_ep_check_cap
 .text.usb_dc_ep_configure
                0x0000000000005ba4       0x5c zephyr/drivers/usb/device/libdrivers__usb__device.a(usb_dc_nrfx.c.obj)
                0x0000000000005ba4                usb_dc_ep_configure
 .text.usb_dc_ep_set_stall
                0x0000000000005c00       0x64 zephyr/drivers/usb/device/libdrivers__usb__device.a(usb_dc_nrfx.c.obj)
                0x0000000000005c00                usb_dc_ep_set_stall
 .text.usb_dc_ep_clear_stall
                0x0000000000005c64       0x40 zephyr/drivers/usb/device/libdrivers__usb__device.a(usb_dc_nrfx.c.obj)
                0x0000000000005c64                usb_dc_ep_clear_stall
 .text.usb_dc_ep_is_stalled
                0x0000000000005ca4       0x38 zephyr/drivers/usb/device/libdrivers__usb__device.a(usb_dc_nrfx.c.obj)
                0x0000000000005ca4                usb_dc_ep_is_stalled
 .text.usb_dc_ep_enable
                0x0000000000005cdc       0x54 zephyr/drivers/usb/device/libdrivers__usb__device.a(usb_dc_nrfx.c.obj)
                0x0000000000005cdc                usb_dc_ep_enable
 .text.usb_dc_ep_write
                0x0000000000005d30      0x114 zephyr/drivers/usb/device/libdrivers__usb__device.a(usb_dc_nrfx.c.obj)
                0x0000000000005d30                usb_dc_ep_write
 .text.usb_dc_ep_read_wait
                0x0000000000005e44       0xac zephyr/drivers/usb/device/libdrivers__usb__device.a(usb_dc_nrfx.c.obj)
                0x0000000000005e44                usb_dc_ep_read_wait
 .text.usb_dc_ep_read_continue
                0x0000000000005ef0       0x9c zephyr/drivers/usb/device/libdrivers__usb__device.a(usb_dc_nrfx.c.obj)
                0x0000000000005ef0                usb_dc_ep_read_continue
 .text.usb_dc_ep_set_callback
                0x0000000000005f8c       0x28 zephyr/drivers/usb/device/libdrivers__usb__device.a(usb_dc_nrfx.c.obj)
                0x0000000000005f8c                usb_dc_ep_set_callback
 .text.usb_dc_set_status_callback
                0x0000000000005fb4        0xc zephyr/drivers/usb/device/libdrivers__usb__device.a(usb_dc_nrfx.c.obj)
                0x0000000000005fb4                usb_dc_set_status_callback
 .text.usb_dc_ep_mps
                0x0000000000005fc0       0x24 zephyr/drivers/usb/device/libdrivers__usb__device.a(usb_dc_nrfx.c.obj)
                0x0000000000005fc0                usb_dc_ep_mps
 .text.nrf52_errata_187
                0x0000000000005fe4       0x28 zephyr/drivers/usb/common/nrf_usbd_common/libdrivers__usb__common__nrf_usbd_common.a(nrf_usbd_common.c.obj)
 .text.ep_state_access
                0x000000000000600c       0x20 zephyr/drivers/usb/common/nrf_usbd_common/libdrivers__usb__common__nrf_usbd_common.a(nrf_usbd_common.c.obj)
 .text.usbd_errata_187_211_begin
                0x000000000000602c       0x3c zephyr/drivers/usb/common/nrf_usbd_common/libdrivers__usb__common__nrf_usbd_common.a(nrf_usbd_common.c.obj)
 .text.usbd_errata_187_211_end
                0x0000000000006068       0x3c zephyr/drivers/usb/common/nrf_usbd_common/libdrivers__usb__common__nrf_usbd_common.a(nrf_usbd_common.c.obj)
 .text.usbd_dma_pending_clear
                0x00000000000060a4       0x1c zephyr/drivers/usb/common/nrf_usbd_common/libdrivers__usb__common__nrf_usbd_common.a(nrf_usbd_common.c.obj)
 .text.nrf_usbd_common_uninit
                0x00000000000060c0       0x14 zephyr/drivers/usb/common/nrf_usbd_common/libdrivers__usb__common__nrf_usbd_common.a(nrf_usbd_common.c.obj)
                0x00000000000060c0                nrf_usbd_common_uninit
 .text.nrf_usbd_common_enable
                0x00000000000060d4      0x148 zephyr/drivers/usb/common/nrf_usbd_common/libdrivers__usb__common__nrf_usbd_common.a(nrf_usbd_common.c.obj)
                0x00000000000060d4                nrf_usbd_common_enable
 .text.nrf_usbd_common_start
                0x000000000000621c       0x38 zephyr/drivers/usb/common/nrf_usbd_common/libdrivers__usb__common__nrf_usbd_common.a(nrf_usbd_common.c.obj)
                0x000000000000621c                nrf_usbd_common_start
 .text.nrf_usbd_common_is_enabled
                0x0000000000006254       0x14 zephyr/drivers/usb/common/nrf_usbd_common/libdrivers__usb__common__nrf_usbd_common.a(nrf_usbd_common.c.obj)
                0x0000000000006254                nrf_usbd_common_is_enabled
 .text.nrf_usbd_common_suspend
                0x0000000000006268       0x6c zephyr/drivers/usb/common/nrf_usbd_common/libdrivers__usb__common__nrf_usbd_common.a(nrf_usbd_common.c.obj)
                0x0000000000006268                nrf_usbd_common_suspend
 .text.nrf_usbd_common_init
                0x00000000000062d4       0x84 zephyr/drivers/usb/common/nrf_usbd_common/libdrivers__usb__common__nrf_usbd_common.a(nrf_usbd_common.c.obj)
                0x00000000000062d4                nrf_usbd_common_init
 .text.nrf_usbd_common_ep_enable_check
                0x0000000000006358       0x28 zephyr/drivers/usb/common/nrf_usbd_common/libdrivers__usb__common__nrf_usbd_common.a(nrf_usbd_common.c.obj)
                0x0000000000006358                nrf_usbd_common_ep_enable_check
 .text.nrf_usbd_common_ep_transfer
                0x0000000000006380       0x98 zephyr/drivers/usb/common/nrf_usbd_common/libdrivers__usb__common__nrf_usbd_common.a(nrf_usbd_common.c.obj)
                0x0000000000006380                nrf_usbd_common_ep_transfer
 .text.nrf_usbd_common_epout_size_get
                0x0000000000006418       0x28 zephyr/drivers/usb/common/nrf_usbd_common/libdrivers__usb__common__nrf_usbd_common.a(nrf_usbd_common.c.obj)
                0x0000000000006418                nrf_usbd_common_epout_size_get
 .text.nrf_usbd_common_irq_handler
                0x0000000000006440      0x494 zephyr/drivers/usb/common/nrf_usbd_common/libdrivers__usb__common__nrf_usbd_common.a(nrf_usbd_common.c.obj)
                0x0000000000006440                nrf_usbd_common_irq_handler
 .text.nrf_usbd_common_ep_stall
                0x00000000000068d4       0x10 zephyr/drivers/usb/common/nrf_usbd_common/libdrivers__usb__common__nrf_usbd_common.a(nrf_usbd_common.c.obj)
                0x00000000000068d4                nrf_usbd_common_ep_stall
 .text.nrf_usbd_common_ep_stall_check
                0x00000000000068e4       0x34 zephyr/drivers/usb/common/nrf_usbd_common/libdrivers__usb__common__nrf_usbd_common.a(nrf_usbd_common.c.obj)
                0x00000000000068e4                nrf_usbd_common_ep_stall_check
 .text.nrf_usbd_common_ep_dtoggle_clear
                0x0000000000006918       0x14 zephyr/drivers/usb/common/nrf_usbd_common/libdrivers__usb__common__nrf_usbd_common.a(nrf_usbd_common.c.obj)
                0x0000000000006918                nrf_usbd_common_ep_dtoggle_clear
 .text.nrf_usbd_common_setup_get
                0x000000000000692c       0x44 zephyr/drivers/usb/common/nrf_usbd_common/libdrivers__usb__common__nrf_usbd_common.a(nrf_usbd_common.c.obj)
                0x000000000000692c                nrf_usbd_common_setup_get
 .text.nrf_usbd_common_setup_data_clear
                0x0000000000006970        0xc zephyr/drivers/usb/common/nrf_usbd_common/libdrivers__usb__common__nrf_usbd_common.a(nrf_usbd_common.c.obj)
                0x0000000000006970                nrf_usbd_common_setup_data_clear
 .text.nrf_usbd_common_setup_clear
                0x000000000000697c        0xc zephyr/drivers/usb/common/nrf_usbd_common/libdrivers__usb__common__nrf_usbd_common.a(nrf_usbd_common.c.obj)
                0x000000000000697c                nrf_usbd_common_setup_clear
 .text.nrf_usbd_common_setup_stall
                0x0000000000006988        0xc zephyr/drivers/usb/common/nrf_usbd_common/libdrivers__usb__common__nrf_usbd_common.a(nrf_usbd_common.c.obj)
                0x0000000000006988                nrf_usbd_common_setup_stall
 .text.nrf_usbd_common_last_setup_dir_get
                0x0000000000006994        0xc zephyr/drivers/usb/common/nrf_usbd_common/libdrivers__usb__common__nrf_usbd_common.a(nrf_usbd_common.c.obj)
                0x0000000000006994                nrf_usbd_common_last_setup_dir_get
 .text.nrf_usbd_common_transfer_out_drop
                0x00000000000069a0       0x4c zephyr/drivers/usb/common/nrf_usbd_common/libdrivers__usb__common__nrf_usbd_common.a(nrf_usbd_common.c.obj)
                0x00000000000069a0                nrf_usbd_common_transfer_out_drop
 .text.usbd_ep_abort
                0x00000000000069ec       0xf0 zephyr/drivers/usb/common/nrf_usbd_common/libdrivers__usb__common__nrf_usbd_common.a(nrf_usbd_common.c.obj)
 .text.nrf_usbd_common_ep_abort
                0x0000000000006adc       0x34 zephyr/drivers/usb/common/nrf_usbd_common/libdrivers__usb__common__nrf_usbd_common.a(nrf_usbd_common.c.obj)
                0x0000000000006adc                nrf_usbd_common_ep_abort
 .text.nrf_usbd_common_disable
                0x0000000000006b10       0xd4 zephyr/drivers/usb/common/nrf_usbd_common/libdrivers__usb__common__nrf_usbd_common.a(nrf_usbd_common.c.obj)
                0x0000000000006b10                nrf_usbd_common_disable
 .text.nrf_usbd_common_ep_disable
                0x0000000000006be4       0x60 zephyr/drivers/usb/common/nrf_usbd_common/libdrivers__usb__common__nrf_usbd_common.a(nrf_usbd_common.c.obj)
                0x0000000000006be4                nrf_usbd_common_ep_disable
 .text.nrf_usbd_common_ep_enable
                0x0000000000006c44       0x70 zephyr/drivers/usb/common/nrf_usbd_common/libdrivers__usb__common__nrf_usbd_common.a(nrf_usbd_common.c.obj)
                0x0000000000006c44                nrf_usbd_common_ep_enable
 .text.nrf_usbd_common_ep_stall_clear
                0x0000000000006cb4       0x20 zephyr/drivers/usb/common/nrf_usbd_common/libdrivers__usb__common__nrf_usbd_common.a(nrf_usbd_common.c.obj)
                0x0000000000006cb4                nrf_usbd_common_ep_stall_clear
 .text.onoff_stop
                0x0000000000006cd4       0x30 zephyr/drivers/clock_control/libdrivers__clock_control.a(clock_control_nrf.c.obj)
 .text.onoff_start
                0x0000000000006d04       0x44 zephyr/drivers/clock_control/libdrivers__clock_control.a(clock_control_nrf.c.obj)
 .text.generic_hfclk_stop
                0x0000000000006d48       0x34 zephyr/drivers/clock_control/libdrivers__clock_control.a(clock_control_nrf.c.obj)
 .text.clk_init
                0x0000000000006d7c       0x58 zephyr/drivers/clock_control/libdrivers__clock_control.a(clock_control_nrf.c.obj)
 .text.api_blocking_start
                0x0000000000006dd4       0x34 zephyr/drivers/clock_control/libdrivers__clock_control.a(clock_control_nrf.c.obj)
 .text.clkstarted_handle.constprop.0
                0x0000000000006e08       0x4c zephyr/drivers/clock_control/libdrivers__clock_control.a(clock_control_nrf.c.obj)
 .text.generic_hfclk_start
                0x0000000000006e54       0x78 zephyr/drivers/clock_control/libdrivers__clock_control.a(clock_control_nrf.c.obj)
 .text.clock_event_handler
                0x0000000000006ecc       0x1c zephyr/drivers/clock_control/libdrivers__clock_control.a(clock_control_nrf.c.obj)
 .text.z_nrf_clock_control_get_onoff
                0x0000000000006ee8       0x10 zephyr/drivers/clock_control/libdrivers__clock_control.a(clock_control_nrf.c.obj)
                0x0000000000006ee8                z_nrf_clock_control_get_onoff
 .text.z_nrf_clock_control_lf_on
                0x0000000000006ef8       0xfc zephyr/drivers/clock_control/libdrivers__clock_control.a(clock_control_nrf.c.obj)
                0x0000000000006ef8                z_nrf_clock_control_lf_on
 .text.uart_console_init
                0x0000000000006ff4       0x28 zephyr/drivers/console/libdrivers__console.a(uart_console.c.obj)
 .text.console_out
                0x000000000000701c       0x28 zephyr/drivers/console/libdrivers__console.a(uart_console.c.obj)
 .text.gpio_nrfx_pin_interrupt_configure
                0x0000000000007044      0x100 zephyr/drivers/gpio/libdrivers__gpio.a(gpio_nrfx.c.obj)
 .text.gpio_nrfx_init
                0x0000000000007144       0x48 zephyr/drivers/gpio/libdrivers__gpio.a(gpio_nrfx.c.obj)
 .text.nrfx_gpio_handler
                0x000000000000718c       0x4c zephyr/drivers/gpio/libdrivers__gpio.a(gpio_nrfx.c.obj)
 .text.gpio_nrfx_pin_configure
                0x00000000000071d8      0x18c zephyr/drivers/gpio/libdrivers__gpio.a(gpio_nrfx.c.obj)
 .text.nrf_gpio_pin_port_decode
                0x0000000000007364       0x20 zephyr/drivers/pinctrl/libdrivers__pinctrl.a(pinctrl_nrf.c.obj)
 .text.pinctrl_configure_pins
                0x0000000000007384      0x170 zephyr/drivers/pinctrl/libdrivers__pinctrl.a(pinctrl_nrf.c.obj)
                0x0000000000007384                pinctrl_configure_pins
 .text.uarte_nrfx_poll_out
                0x00000000000074f4       0xb4 zephyr/drivers/serial/libdrivers__serial.a(uart_nrfx_uarte.c.obj)
 .text.uarte_0_init
                0x00000000000075a8      0x11c zephyr/drivers/serial/libdrivers__serial.a(uart_nrfx_uarte.c.obj)
 .text.compare_int_lock
                0x00000000000076c4       0x48 zephyr/drivers/timer/libdrivers__timer.a(nrf_rtc_timer.c.obj)
 .text.sys_clock_timeout_handler
                0x000000000000770c       0x48 zephyr/drivers/timer/libdrivers__timer.a(nrf_rtc_timer.c.obj)
 .text.compare_int_unlock
                0x0000000000007754       0x5c zephyr/drivers/timer/libdrivers__timer.a(nrf_rtc_timer.c.obj)
 .text.z_nrf_rtc_timer_read
                0x00000000000077b0       0x44 zephyr/drivers/timer/libdrivers__timer.a(nrf_rtc_timer.c.obj)
                0x00000000000077b0                z_nrf_rtc_timer_read
 .text.compare_set
                0x00000000000077f4      0x130 zephyr/drivers/timer/libdrivers__timer.a(nrf_rtc_timer.c.obj)
 .text.sys_clock_driver_init
                0x0000000000007924       0x90 zephyr/drivers/timer/libdrivers__timer.a(nrf_rtc_timer.c.obj)
 .text.rtc_nrf_isr
                0x00000000000079b4       0xc4 zephyr/drivers/timer/libdrivers__timer.a(nrf_rtc_timer.c.obj)
                0x00000000000079b4                rtc_nrf_isr
 .text.sys_clock_set_timeout
                0x0000000000007a78       0x5c zephyr/drivers/timer/libdrivers__timer.a(nrf_rtc_timer.c.obj)
                0x0000000000007a78                sys_clock_set_timeout
 .text.sys_clock_elapsed
                0x0000000000007ad4       0x14 zephyr/drivers/timer/libdrivers__timer.a(nrf_rtc_timer.c.obj)
                0x0000000000007ad4                sys_clock_elapsed
 .text.update_radio_bitrate
                0x0000000000007ae8       0x3c modules/nrf/subsys/esb/lib..__nrf__subsys__esb.a(esb.c.obj)
 .text.reset_fifos
                0x0000000000007b24       0x1c modules/nrf/subsys/esb/lib..__nrf__subsys__esb.a(esb.c.obj)
 .text.esb_timer_handler
                0x0000000000007b40       0x1c modules/nrf/subsys/esb/lib..__nrf__subsys__esb.a(esb.c.obj)
 .text.esb_fem_for_tx_set
                0x0000000000007b5c       0x4c modules/nrf/subsys/esb/lib..__nrf__subsys__esb.a(esb.c.obj)
 .text.esb_fem_reset
                0x0000000000007ba8       0x2c modules/nrf/subsys/esb/lib..__nrf__subsys__esb.a(esb.c.obj)
 .text.update_radio_tx_power
                0x0000000000007bd4       0x3c modules/nrf/subsys/esb/lib..__nrf__subsys__esb.a(esb.c.obj)
 .text.tx_fifo_remove_last.part.0
                0x0000000000007c10       0x30 modules/nrf/subsys/esb/lib..__nrf__subsys__esb.a(esb.c.obj)
 .text.rx_fifo_push_rfbuf.part.0
                0x0000000000007c40       0xa4 modules/nrf/subsys/esb/lib..__nrf__subsys__esb.a(esb.c.obj)
 .text.nrf_radio_packet_configure.constprop.0
                0x0000000000007ce4       0x58 modules/nrf/subsys/esb/lib..__nrf__subsys__esb.a(esb.c.obj)
 .text.update_rf_payload_format_esb
                0x0000000000007d3c       0x40 modules/nrf/subsys/esb/lib..__nrf__subsys__esb.a(esb.c.obj)
 .text.update_rf_payload_format_esb_dpl
                0x0000000000007d7c       0x58 modules/nrf/subsys/esb/lib..__nrf__subsys__esb.a(esb.c.obj)
 .text.start_tx_transaction
                0x0000000000007dd4      0x1ac modules/nrf/subsys/esb/lib..__nrf__subsys__esb.a(esb.c.obj)
 .text.esb_radio_direct_irq_handler
                0x0000000000007f80       0x64 modules/nrf/subsys/esb/lib..__nrf__subsys__esb.a(esb.c.obj)
                0x0000000000007f80                esb_radio_direct_irq_handler
 .text.esb_evt_direct_irq_handler
                0x0000000000007fe4       0x7c modules/nrf/subsys/esb/lib..__nrf__subsys__esb.a(esb.c.obj)
                0x0000000000007fe4                esb_evt_direct_irq_handler
 .text.update_radio_addresses
                0x0000000000008060       0xec modules/nrf/subsys/esb/lib..__nrf__subsys__esb.a(esb.c.obj)
 .text.on_radio_disabled_tx_noack
                0x000000000000814c       0x70 modules/nrf/subsys/esb/lib..__nrf__subsys__esb.a(esb.c.obj)
 .text.esb_fem_for_rx_ack
                0x00000000000081bc       0x30 modules/nrf/subsys/esb/lib..__nrf__subsys__esb.a(esb.c.obj)
                0x00000000000081bc                esb_fem_for_rx_ack
 .text.on_radio_disabled_tx
                0x00000000000081ec       0xbc modules/nrf/subsys/esb/lib..__nrf__subsys__esb.a(esb.c.obj)
 .text.esb_fem_for_tx_retry
                0x00000000000082a8       0x38 modules/nrf/subsys/esb/lib..__nrf__subsys__esb.a(esb.c.obj)
                0x00000000000082a8                esb_fem_for_tx_retry
 .text.esb_fem_for_tx_retry_clear
                0x00000000000082e0       0x2c modules/nrf/subsys/esb/lib..__nrf__subsys__esb.a(esb.c.obj)
                0x00000000000082e0                esb_fem_for_tx_retry_clear
 .text.on_radio_disabled_tx_wait_for_ack
                0x000000000000830c      0x190 modules/nrf/subsys/esb/lib..__nrf__subsys__esb.a(esb.c.obj)
 .text.esb_disable
                0x000000000000849c       0x70 modules/nrf/subsys/esb/lib..__nrf__subsys__esb.a(esb.c.obj)
                0x000000000000849c                esb_disable
 .text.esb_init
                0x000000000000850c      0x230 modules/nrf/subsys/esb/lib..__nrf__subsys__esb.a(esb.c.obj)
                0x000000000000850c                esb_init
 .text.esb_read_rx_payload
                0x000000000000873c       0xa0 modules/nrf/subsys/esb/lib..__nrf__subsys__esb.a(esb.c.obj)
                0x000000000000873c                esb_read_rx_payload
 .text.esb_start_tx
                0x00000000000087dc       0x30 modules/nrf/subsys/esb/lib..__nrf__subsys__esb.a(esb.c.obj)
                0x00000000000087dc                esb_start_tx
 .text.esb_set_base_address_0
                0x000000000000880c       0x34 modules/nrf/subsys/esb/lib..__nrf__subsys__esb.a(esb.c.obj)
                0x000000000000880c                esb_set_base_address_0
 .text.esb_set_prefixes
                0x0000000000008840       0x50 modules/nrf/subsys/esb/lib..__nrf__subsys__esb.a(esb.c.obj)
                0x0000000000008840                esb_set_prefixes
 .text.esb_ppi_for_fem_set
                0x0000000000008890       0x38 modules/nrf/subsys/esb/lib..__nrf__subsys__esb.a(esb_ppi.c.obj)
                0x0000000000008890                esb_ppi_for_fem_set
 .text.esb_ppi_for_fem_clear
                0x00000000000088c8       0x2c modules/nrf/subsys/esb/lib..__nrf__subsys__esb.a(esb_ppi.c.obj)
                0x00000000000088c8                esb_ppi_for_fem_clear
 .text.esb_ppi_for_txrx_set
                0x00000000000088f4       0xd8 modules/nrf/subsys/esb/lib..__nrf__subsys__esb.a(esb_ppi.c.obj)
                0x00000000000088f4                esb_ppi_for_txrx_set
 .text.esb_ppi_for_txrx_clear
                0x00000000000089cc       0xbc modules/nrf/subsys/esb/lib..__nrf__subsys__esb.a(esb_ppi.c.obj)
                0x00000000000089cc                esb_ppi_for_txrx_clear
 .text.esb_ppi_for_retransmission_set
                0x0000000000008a88       0x74 modules/nrf/subsys/esb/lib..__nrf__subsys__esb.a(esb_ppi.c.obj)
                0x0000000000008a88                esb_ppi_for_retransmission_set
 .text.esb_ppi_for_retransmission_clear
                0x0000000000008afc       0x4c modules/nrf/subsys/esb/lib..__nrf__subsys__esb.a(esb_ppi.c.obj)
                0x0000000000008afc                esb_ppi_for_retransmission_clear
 .text.esb_ppi_for_wait_for_ack_set
                0x0000000000008b48       0x64 modules/nrf/subsys/esb/lib..__nrf__subsys__esb.a(esb_ppi.c.obj)
                0x0000000000008b48                esb_ppi_for_wait_for_ack_set
 .text.esb_ppi_for_wait_for_ack_clear
                0x0000000000008bac       0x4c modules/nrf/subsys/esb/lib..__nrf__subsys__esb.a(esb_ppi.c.obj)
                0x0000000000008bac                esb_ppi_for_wait_for_ack_clear
 .text.esb_ppi_init
                0x0000000000008bf8       0xa0 modules/nrf/subsys/esb/lib..__nrf__subsys__esb.a(esb_ppi.c.obj)
                0x0000000000008bf8                esb_ppi_init
 .text.esb_ppi_radio_disabled_get
                0x0000000000008c98        0x8 modules/nrf/subsys/esb/lib..__nrf__subsys__esb.a(esb_ppi.c.obj)
                0x0000000000008c98                esb_ppi_radio_disabled_get
 .text.esb_ppi_disable_all
                0x0000000000008ca0       0x54 modules/nrf/subsys/esb/lib..__nrf__subsys__esb.a(esb_ppi.c.obj)
                0x0000000000008ca0                esb_ppi_disable_all
 .text.esb_ppi_deinit
                0x0000000000008cf4       0x84 modules/nrf/subsys/esb/lib..__nrf__subsys__esb.a(esb_ppi.c.obj)
                0x0000000000008cf4                esb_ppi_deinit
 .text.__NVIC_SystemReset
                0x0000000000008d78       0x24 modules/hal_nordic/modules/hal_nordic/nrfx/libmodules__hal_nordic__nrfx.a(system_nrf52840.c.obj)
 .text.nrf52_errata_98
                0x0000000000008d9c       0x24 modules/hal_nordic/modules/hal_nordic/nrfx/libmodules__hal_nordic__nrfx.a(system_nrf52840.c.obj)
 .text.nvmc_wait
                0x0000000000008dc0       0x10 modules/hal_nordic/modules/hal_nordic/nrfx/libmodules__hal_nordic__nrfx.a(system_nrf52840.c.obj)
                0x0000000000008dc0                nvmc_wait
 .text.SystemInit
                0x0000000000008dd0      0x1c8 modules/hal_nordic/modules/hal_nordic/nrfx/libmodules__hal_nordic__nrfx.a(system_nrf52840.c.obj)
                0x0000000000008dd0                SystemInit
 .text.nrfx_flag32_alloc
                0x0000000000008f98       0x48 modules/hal_nordic/modules/hal_nordic/nrfx/libmodules__hal_nordic__nrfx.a(nrfx_flag32_allocator.c.obj)
                0x0000000000008f98                nrfx_flag32_alloc
 .text.nrfx_flag32_free
                0x0000000000008fe0       0x40 modules/hal_nordic/modules/hal_nordic/nrfx/libmodules__hal_nordic__nrfx.a(nrfx_flag32_allocator.c.obj)
                0x0000000000008fe0                nrfx_flag32_free
 .text.nrfx_gppi_channels_enable
                0x0000000000009020        0xc modules/hal_nordic/modules/hal_nordic/nrfx/libmodules__hal_nordic__nrfx.a(nrfx_gppi_ppi.c.obj)
                0x0000000000009020                nrfx_gppi_channels_enable
 .text.clock_stop
                0x000000000000902c       0xc4 modules/hal_nordic/modules/hal_nordic/nrfx/libmodules__hal_nordic__nrfx.a(nrfx_clock.c.obj)
 .text.nrfx_clock_init
                0x00000000000090f0       0x20 modules/hal_nordic/modules/hal_nordic/nrfx/libmodules__hal_nordic__nrfx.a(nrfx_clock.c.obj)
                0x00000000000090f0                nrfx_clock_init
 .text.nrfx_clock_enable
                0x0000000000009110       0x30 modules/hal_nordic/modules/hal_nordic/nrfx/libmodules__hal_nordic__nrfx.a(nrfx_clock.c.obj)
                0x0000000000009110                nrfx_clock_enable
 .text.nrfx_clock_start
                0x0000000000009140       0xa8 modules/hal_nordic/modules/hal_nordic/nrfx/libmodules__hal_nordic__nrfx.a(nrfx_clock.c.obj)
                0x0000000000009140                nrfx_clock_start
 .text.nrfx_clock_irq_handler
                0x00000000000091e8       0x7c modules/hal_nordic/modules/hal_nordic/nrfx/libmodules__hal_nordic__nrfx.a(nrfx_clock.c.obj)
                0x00000000000091e8                nrfx_clock_irq_handler
 .text.nrf_gpio_pin_port_decode
                0x0000000000009264       0x20 modules/hal_nordic/modules/hal_nordic/nrfx/libmodules__hal_nordic__nrfx.a(nrfx_gpiote.c.obj)
 .text.get_pin_idx
                0x0000000000009284       0x14 modules/hal_nordic/modules/hal_nordic/nrfx/libmodules__hal_nordic__nrfx.a(nrfx_gpiote.c.obj)
 .text.call_handler.constprop.0
                0x0000000000009298       0x40 modules/hal_nordic/modules/hal_nordic/nrfx/libmodules__hal_nordic__nrfx.a(nrfx_gpiote.c.obj)
 .text.pin_te_get.constprop.0
                0x00000000000092d8       0x18 modules/hal_nordic/modules/hal_nordic/nrfx/libmodules__hal_nordic__nrfx.a(nrfx_gpiote.c.obj)
 .text.pin_is_output.constprop.0
                0x00000000000092f0       0x18 modules/hal_nordic/modules/hal_nordic/nrfx/libmodules__hal_nordic__nrfx.a(nrfx_gpiote.c.obj)
 .text.pin_in_use_by_te.constprop.0
                0x0000000000009308       0x18 modules/hal_nordic/modules/hal_nordic/nrfx/libmodules__hal_nordic__nrfx.a(nrfx_gpiote.c.obj)
 .text.latch_pending_read_and_check
                0x0000000000009320       0x40 modules/hal_nordic/modules/hal_nordic/nrfx/libmodules__hal_nordic__nrfx.a(nrfx_gpiote.c.obj)
 .text.release_handler.isra.0
                0x0000000000009360       0x58 modules/hal_nordic/modules/hal_nordic/nrfx/libmodules__hal_nordic__nrfx.a(nrfx_gpiote.c.obj)
 .text.__nrfy_internal_gpiote_events_process.constprop.0
                0x00000000000093b8       0x5c modules/hal_nordic/modules/hal_nordic/nrfx/libmodules__hal_nordic__nrfx.a(nrfx_gpiote.c.obj)
 .text.pin_uninit
                0x0000000000009414       0x80 modules/hal_nordic/modules/hal_nordic/nrfx/libmodules__hal_nordic__nrfx.a(nrfx_gpiote.c.obj)
 .text.nrfx_gpiote_input_configure
                0x0000000000009494      0x174 modules/hal_nordic/modules/hal_nordic/nrfx/libmodules__hal_nordic__nrfx.a(nrfx_gpiote.c.obj)
                0x0000000000009494                nrfx_gpiote_input_configure
 .text.nrfx_gpiote_output_configure
                0x0000000000009608       0xfc modules/hal_nordic/modules/hal_nordic/nrfx/libmodules__hal_nordic__nrfx.a(nrfx_gpiote.c.obj)
                0x0000000000009608                nrfx_gpiote_output_configure
 .text.nrfx_gpiote_global_callback_set
                0x0000000000009704        0xc modules/hal_nordic/modules/hal_nordic/nrfx/libmodules__hal_nordic__nrfx.a(nrfx_gpiote.c.obj)
                0x0000000000009704                nrfx_gpiote_global_callback_set
 .text.nrfx_gpiote_channel_get
                0x0000000000009710       0x34 modules/hal_nordic/modules/hal_nordic/nrfx/libmodules__hal_nordic__nrfx.a(nrfx_gpiote.c.obj)
                0x0000000000009710                nrfx_gpiote_channel_get
 .text.nrfx_gpiote_init
                0x0000000000009744       0x68 modules/hal_nordic/modules/hal_nordic/nrfx/libmodules__hal_nordic__nrfx.a(nrfx_gpiote.c.obj)
                0x0000000000009744                nrfx_gpiote_init
 .text.nrfx_gpiote_init_check
                0x00000000000097ac       0x14 modules/hal_nordic/modules/hal_nordic/nrfx/libmodules__hal_nordic__nrfx.a(nrfx_gpiote.c.obj)
                0x00000000000097ac                nrfx_gpiote_init_check
 .text.nrfx_gpiote_channel_free
                0x00000000000097c0        0xc modules/hal_nordic/modules/hal_nordic/nrfx/libmodules__hal_nordic__nrfx.a(nrfx_gpiote.c.obj)
                0x00000000000097c0                nrfx_gpiote_channel_free
 .text.nrfx_gpiote_channel_alloc
                0x00000000000097cc        0xc modules/hal_nordic/modules/hal_nordic/nrfx/libmodules__hal_nordic__nrfx.a(nrfx_gpiote.c.obj)
                0x00000000000097cc                nrfx_gpiote_channel_alloc
 .text.nrfx_gpiote_trigger_enable
                0x00000000000097d8       0xb0 modules/hal_nordic/modules/hal_nordic/nrfx/libmodules__hal_nordic__nrfx.a(nrfx_gpiote.c.obj)
                0x00000000000097d8                nrfx_gpiote_trigger_enable
 .text.nrfx_gpiote_0_irq_handler
                0x0000000000009888      0x1bc modules/hal_nordic/modules/hal_nordic/nrfx/libmodules__hal_nordic__nrfx.a(nrfx_gpiote.c.obj)
                0x0000000000009888                nrfx_gpiote_0_irq_handler
 .text.nrfx_power_init
                0x0000000000009a44       0x74 modules/hal_nordic/modules/hal_nordic/nrfx/libmodules__hal_nordic__nrfx.a(nrfx_power.c.obj)
                0x0000000000009a44                nrfx_power_init
 .text.nrfx_power_usbevt_uninit
                0x0000000000009ab8       0x18 modules/hal_nordic/modules/hal_nordic/nrfx/libmodules__hal_nordic__nrfx.a(nrfx_power.c.obj)
                0x0000000000009ab8                nrfx_power_usbevt_uninit
 .text.nrfx_power_usbevt_init
                0x0000000000009ad0       0x14 modules/hal_nordic/modules/hal_nordic/nrfx/libmodules__hal_nordic__nrfx.a(nrfx_power.c.obj)
                0x0000000000009ad0                nrfx_power_usbevt_init
 .text.nrfx_power_irq_handler
                0x0000000000009ae4       0xa0 modules/hal_nordic/modules/hal_nordic/nrfx/libmodules__hal_nordic__nrfx.a(nrfx_power.c.obj)
                0x0000000000009ae4                nrfx_power_irq_handler
 .text.nrfx_ppi_channel_alloc
                0x0000000000009b84        0xc modules/hal_nordic/modules/hal_nordic/nrfx/libmodules__hal_nordic__nrfx.a(nrfx_ppi.c.obj)
                0x0000000000009b84                nrfx_ppi_channel_alloc
 .text.nrfx_ppi_channel_free
                0x0000000000009b90       0x28 modules/hal_nordic/modules/hal_nordic/nrfx/libmodules__hal_nordic__nrfx.a(nrfx_ppi.c.obj)
                0x0000000000009b90                nrfx_ppi_channel_free
 .text.nrfx_ppi_group_alloc
                0x0000000000009bb8        0xc modules/hal_nordic/modules/hal_nordic/nrfx/libmodules__hal_nordic__nrfx.a(nrfx_ppi.c.obj)
                0x0000000000009bb8                nrfx_ppi_group_alloc
 .text.nrfx_ppi_group_free
                0x0000000000009bc4       0x1c modules/hal_nordic/modules/hal_nordic/nrfx/libmodules__hal_nordic__nrfx.a(nrfx_ppi.c.obj)
                0x0000000000009bc4                nrfx_ppi_group_free
 .text.timer_configure
                0x0000000000009be0       0x84 modules/hal_nordic/modules/hal_nordic/nrfx/libmodules__hal_nordic__nrfx.a(nrfx_timer.c.obj)
 .text.nrfx_timer_init
                0x0000000000009c64       0x48 modules/hal_nordic/modules/hal_nordic/nrfx/libmodules__hal_nordic__nrfx.a(nrfx_timer.c.obj)
                0x0000000000009c64                nrfx_timer_init
 .text.nrfx_timer_disable
                0x0000000000009cac       0x18 modules/hal_nordic/modules/hal_nordic/nrfx/libmodules__hal_nordic__nrfx.a(nrfx_timer.c.obj)
                0x0000000000009cac                nrfx_timer_disable
 .text.nrfx_timer_uninit
                0x0000000000009cc4       0x3c modules/hal_nordic/modules/hal_nordic/nrfx/libmodules__hal_nordic__nrfx.a(nrfx_timer.c.obj)
                0x0000000000009cc4                nrfx_timer_uninit
 .text.nrfx_timer_2_irq_handler
                0x0000000000009d00       0x6c modules/hal_nordic/modules/hal_nordic/nrfx/libmodules__hal_nordic__nrfx.a(nrfx_timer.c.obj)
                0x0000000000009d00                nrfx_timer_2_irq_handler
 .text.z_impl_device_get_binding
                0x0000000000009d6c       0x48 zephyr/kernel/libkernel.a(device.c.obj)
                0x0000000000009d6c                z_impl_device_get_binding
 .text.k_sys_fatal_error_handler
                0x0000000000009db4       0x20 zephyr/kernel/libkernel.a(fatal.c.obj)
                0x0000000000009db4                k_sys_fatal_error_handler
 .text.z_fatal_error
                0x0000000000009dd4       0xe8 zephyr/kernel/libkernel.a(fatal.c.obj)
                0x0000000000009dd4                z_fatal_error
 .text.z_sys_init_run_level
                0x0000000000009ebc       0x2c zephyr/kernel/libkernel.a(init.c.obj)
 .text.bg_thread_main
                0x0000000000009ee8       0xc4 zephyr/kernel/libkernel.a(init.c.obj)
 .text.z_bss_zero
                0x0000000000009fac       0x18 zephyr/kernel/libkernel.a(init.c.obj)
                0x0000000000009fac                z_bss_zero
 .text.z_init_cpu
                0x0000000000009fc4       0x70 zephyr/kernel/libkernel.a(init.c.obj)
                0x0000000000009fc4                z_init_cpu
 .text.z_cstart
                0x000000000000a034       0xe0 zephyr/kernel/libkernel.a(init.c.obj)
                0x000000000000a034                z_cstart
 .text.init_mem_slab_obj_core_list
                0x000000000000a114       0x24 zephyr/kernel/libkernel.a(mem_slab.c.obj)
 .text.k_mem_slab_alloc
                0x000000000000a138       0x5c zephyr/kernel/libkernel.a(mem_slab.c.obj)
                0x000000000000a138                k_mem_slab_alloc
 .text.z_impl_k_mutex_lock
                0x000000000000a194       0xf0 zephyr/kernel/libkernel.a(mutex.c.obj)
                0x000000000000a194                z_impl_k_mutex_lock
 .text.z_impl_k_mutex_unlock
                0x000000000000a284       0xa0 zephyr/kernel/libkernel.a(mutex.c.obj)
                0x000000000000a284                z_impl_k_mutex_unlock
 .text.z_impl_k_queue_get
                0x000000000000a324       0x64 zephyr/kernel/libkernel.a(queue.c.obj)
                0x000000000000a324                z_impl_k_queue_get
 .text.z_impl_k_sem_give
                0x000000000000a388       0x68 zephyr/kernel/libkernel.a(sem.c.obj)
                0x000000000000a388                z_impl_k_sem_give
 .text.z_impl_k_sem_take
                0x000000000000a3f0       0x4c zephyr/kernel/libkernel.a(sem.c.obj)
                0x000000000000a3f0                z_impl_k_sem_take
 .text.work_queue_main
                0x000000000000a43c      0x14c zephyr/kernel/libkernel.a(work.c.obj)
 .text.submit_to_queue_locked
                0x000000000000a588       0xb4 zephyr/kernel/libkernel.a(work.c.obj)
 .text.k_work_queue_start
                0x000000000000a63c       0x7c zephyr/kernel/libkernel.a(work.c.obj)
                0x000000000000a63c                k_work_queue_start
 .text.k_work_schedule_for_queue
                0x000000000000a6b8       0x54 zephyr/kernel/libkernel.a(work.c.obj)
                0x000000000000a6b8                k_work_schedule_for_queue
 .text.z_setup_new_thread
                0x000000000000a70c       0x98 zephyr/kernel/libkernel.a(thread.c.obj)
                0x000000000000a70c                z_setup_new_thread
 .text.z_impl_k_thread_create
                0x000000000000a7a4       0x58 zephyr/kernel/libkernel.a(thread.c.obj)
                0x000000000000a7a4                z_impl_k_thread_create
 .text.z_swap_irqlock
                0x000000000000a7fc       0x30 zephyr/kernel/libkernel.a(sched.c.obj)
 .text.ready_thread
                0x000000000000a82c       0x90 zephyr/kernel/libkernel.a(sched.c.obj)
 .text.unready_thread
                0x000000000000a8bc       0x54 zephyr/kernel/libkernel.a(sched.c.obj)
 .text.move_thread_to_end_of_prio_q
                0x000000000000a910       0x90 zephyr/kernel/libkernel.a(sched.c.obj)
                0x000000000000a910                move_thread_to_end_of_prio_q
 .text.z_pend_curr
                0x000000000000a9a0       0x58 zephyr/kernel/libkernel.a(sched.c.obj)
                0x000000000000a9a0                z_pend_curr
 .text.z_thread_prio_set
                0x000000000000a9f8       0x9c zephyr/kernel/libkernel.a(sched.c.obj)
                0x000000000000a9f8                z_thread_prio_set
 .text.z_reschedule
                0x000000000000aa94       0x24 zephyr/kernel/libkernel.a(sched.c.obj)
                0x000000000000aa94                z_reschedule
 .text.z_reschedule_irqlock
                0x000000000000aab8       0x28 zephyr/kernel/libkernel.a(sched.c.obj)
                0x000000000000aab8                z_reschedule_irqlock
 .text.k_sched_lock
                0x000000000000aae0       0x28 zephyr/kernel/libkernel.a(sched.c.obj)
                0x000000000000aae0                k_sched_lock
 .text.k_sched_unlock
                0x000000000000ab08       0x68 zephyr/kernel/libkernel.a(sched.c.obj)
                0x000000000000ab08                k_sched_unlock
 .text.z_sched_init
                0x000000000000ab70       0x10 zephyr/kernel/libkernel.a(sched.c.obj)
                0x000000000000ab70                z_sched_init
 .text.z_impl_k_yield
                0x000000000000ab80       0x88 zephyr/kernel/libkernel.a(sched.c.obj)
                0x000000000000ab80                z_impl_k_yield
 .text.z_tick_sleep
                0x000000000000ac08       0x80 zephyr/kernel/libkernel.a(sched.c.obj)
 .text.z_impl_k_usleep
                0x000000000000ac88       0x3c zephyr/kernel/libkernel.a(sched.c.obj)
                0x000000000000ac88                z_impl_k_usleep
 .text.z_impl_k_wakeup
                0x000000000000acc4       0x4c zephyr/kernel/libkernel.a(sched.c.obj)
                0x000000000000acc4                z_impl_k_wakeup
 .text.z_impl_k_sched_current_thread_query
                0x000000000000ad10        0xc zephyr/kernel/libkernel.a(sched.c.obj)
                0x000000000000ad10                z_impl_k_sched_current_thread_query
 .text.z_thread_abort
                0x000000000000ad1c      0x110 zephyr/kernel/libkernel.a(sched.c.obj)
                0x000000000000ad1c                z_thread_abort
 .text.z_sched_wait
                0x000000000000ae2c       0x24 zephyr/kernel/libkernel.a(sched.c.obj)
                0x000000000000ae2c                z_sched_wait
 .text.slice_timeout
                0x000000000000ae50       0x20 zephyr/kernel/libkernel.a(timeslicing.c.obj)
 .text.thread_is_sliceable
                0x000000000000ae70       0x3c zephyr/kernel/libkernel.a(timeslicing.c.obj)
                0x000000000000ae70                thread_is_sliceable
 .text.z_reset_time_slice
                0x000000000000aeac       0x50 zephyr/kernel/libkernel.a(timeslicing.c.obj)
                0x000000000000aeac                z_reset_time_slice
 .text.z_time_slice
                0x000000000000aefc       0x60 zephyr/kernel/libkernel.a(timeslicing.c.obj)
                0x000000000000aefc                z_time_slice
 .text.z_data_copy
                0x000000000000af5c       0x38 zephyr/kernel/libkernel.a(xip.c.obj)
                0x000000000000af5c                z_data_copy
 .text.first    0x000000000000af94       0x10 zephyr/kernel/libkernel.a(timeout.c.obj)
 .text.elapsed  0x000000000000afa4       0x14 zephyr/kernel/libkernel.a(timeout.c.obj)
 .text.remove_timeout
                0x000000000000afb8       0x38 zephyr/kernel/libkernel.a(timeout.c.obj)
 .text.z_add_timeout
                0x000000000000aff0       0xec zephyr/kernel/libkernel.a(timeout.c.obj)
                0x000000000000aff0                z_add_timeout
 .text.sys_clock_announce
                0x000000000000b0dc       0xbc zephyr/kernel/libkernel.a(timeout.c.obj)
                0x000000000000b0dc                sys_clock_announce
 .text.sys_clock_tick_get
                0x000000000000b198       0x30 zephyr/kernel/libkernel.a(timeout.c.obj)
                0x000000000000b198                sys_clock_tick_get
 .text.z_timer_expiration_handler
                0x000000000000b1c8       0xe0 zephyr/kernel/libkernel.a(timer.c.obj)
                0x000000000000b1c8                z_timer_expiration_handler
 .text.z_impl_k_timer_start
                0x000000000000b2a8       0x74 zephyr/kernel/libkernel.a(timer.c.obj)
                0x000000000000b2a8                z_impl_k_timer_start
 .text.z_thread_aligned_alloc
                0x000000000000b31c       0x40 zephyr/kernel/libkernel.a(mempool.c.obj)
                0x000000000000b31c                z_thread_aligned_alloc
 .text.statics_init
                0x000000000000b35c       0x24 zephyr/kernel/libkernel.a(kheap.c.obj)
 .text.k_sys_work_q_init
                0x000000000000b380       0x34 zephyr/kernel/libkernel.a(system_work_q.c.obj)
 .text.nrf_cc3xx_platform_init_no_rng
                0x000000000000b3b4       0x38 C:/ncs/v3.0.2/nrfxlib/crypto/nrf_cc310_platform/lib/cortex-m4/soft-float/no-interrupts/libnrf_cc310_platform_0.9.19.a(nrf_cc3xx_platform.c.obj)
                0x000000000000b3b4                nrf_cc3xx_platform_init_no_rng
 .text.nrf_cc3xx_platform_abort
                0x000000000000b3ec       0x24 C:/ncs/v3.0.2/nrfxlib/crypto/nrf_cc310_platform/lib/cortex-m4/soft-float/no-interrupts/libnrf_cc310_platform_0.9.19.a(nrf_cc3xx_platform_abort.c.obj)
 .text.CC_PalAbort
                0x000000000000b410       0x34 C:/ncs/v3.0.2/nrfxlib/crypto/nrf_cc310_platform/lib/cortex-m4/soft-float/no-interrupts/libnrf_cc310_platform_0.9.19.a(nrf_cc3xx_platform_abort.c.obj)
                0x000000000000b410                CC_PalAbort
 .text.nrf_cc3xx_platform_set_abort
                0x000000000000b444       0x10 C:/ncs/v3.0.2/nrfxlib/crypto/nrf_cc310_platform/lib/cortex-m4/soft-float/no-interrupts/libnrf_cc310_platform_0.9.19.a(nrf_cc3xx_platform_abort.c.obj)
                0x000000000000b444                nrf_cc3xx_platform_set_abort
 .text.mutex_free
                0x000000000000b454       0x34 C:/ncs/v3.0.2/nrfxlib/crypto/nrf_cc310_platform/lib/cortex-m4/soft-float/no-interrupts/libnrf_cc310_platform_0.9.19.a(nrf_cc3xx_platform_mutex.c.obj)
 .text.mutex_lock
                0x000000000000b488       0x48 C:/ncs/v3.0.2/nrfxlib/crypto/nrf_cc310_platform/lib/cortex-m4/soft-float/no-interrupts/libnrf_cc310_platform_0.9.19.a(nrf_cc3xx_platform_mutex.c.obj)
 .text.mutex_unlock
                0x000000000000b4d0       0x38 C:/ncs/v3.0.2/nrfxlib/crypto/nrf_cc310_platform/lib/cortex-m4/soft-float/no-interrupts/libnrf_cc310_platform_0.9.19.a(nrf_cc3xx_platform_mutex.c.obj)
 .text.mutex_init
                0x000000000000b508       0x20 C:/ncs/v3.0.2/nrfxlib/crypto/nrf_cc310_platform/lib/cortex-m4/soft-float/no-interrupts/libnrf_cc310_platform_0.9.19.a(nrf_cc3xx_platform_mutex.c.obj)
 .text.nrf_cc3xx_platform_set_mutexes
                0x000000000000b528       0x74 C:/ncs/v3.0.2/nrfxlib/crypto/nrf_cc310_platform/lib/cortex-m4/soft-float/no-interrupts/libnrf_cc310_platform_0.9.19.a(nrf_cc3xx_platform_mutex.c.obj)
                0x000000000000b528                nrf_cc3xx_platform_set_mutexes
 .text.CC_LibInitNoRng
                0x000000000000b59c       0x64 C:/ncs/v3.0.2/nrfxlib/crypto/nrf_cc310_platform/lib/cortex-m4/soft-float/no-interrupts/libnrf_cc310_platform_0.9.19.a(cc_lib.c.obj)
                0x000000000000b59c                CC_LibInitNoRng
 .text.CC_HalInit
                0x000000000000b600        0x4 C:/ncs/v3.0.2/nrfxlib/crypto/nrf_cc310_platform/lib/cortex-m4/soft-float/no-interrupts/libnrf_cc310_platform_0.9.19.a(cc_hal.c.obj)
                0x000000000000b600                CC_HalInit
 .text.CC_HalTerminate
                0x000000000000b604        0x4 C:/ncs/v3.0.2/nrfxlib/crypto/nrf_cc310_platform/lib/cortex-m4/soft-float/no-interrupts/libnrf_cc310_platform_0.9.19.a(cc_hal.c.obj)
                0x000000000000b604                CC_HalTerminate
 .text.CC_HalMaskInterrupt
                0x000000000000b608        0xc C:/ncs/v3.0.2/nrfxlib/crypto/nrf_cc310_platform/lib/cortex-m4/soft-float/no-interrupts/libnrf_cc310_platform_0.9.19.a(cc_hal.c.obj)
                0x000000000000b608                CC_HalMaskInterrupt
 .text.CC_PalInit
                0x000000000000b614       0x5c C:/ncs/v3.0.2/nrfxlib/crypto/nrf_cc310_platform/lib/cortex-m4/soft-float/no-interrupts/libnrf_cc310_platform_0.9.19.a(cc_pal.c.obj)
                0x000000000000b614                CC_PalInit
 .text.CC_PalTerminate
                0x000000000000b670       0x34 C:/ncs/v3.0.2/nrfxlib/crypto/nrf_cc310_platform/lib/cortex-m4/soft-float/no-interrupts/libnrf_cc310_platform_0.9.19.a(cc_pal.c.obj)
                0x000000000000b670                CC_PalTerminate
 .text.CC_PalDmaInit
                0x000000000000b6a4        0x4 C:/ncs/v3.0.2/nrfxlib/crypto/nrf_cc310_platform/lib/cortex-m4/soft-float/no-interrupts/libnrf_cc310_platform_0.9.19.a(cc_pal_dma.c.obj)
                0x000000000000b6a4                CC_PalDmaInit
 .text.CC_PalDmaTerminate
                0x000000000000b6a8        0x4 C:/ncs/v3.0.2/nrfxlib/crypto/nrf_cc310_platform/lib/cortex-m4/soft-float/no-interrupts/libnrf_cc310_platform_0.9.19.a(cc_pal_dma.c.obj)
                0x000000000000b6a8                CC_PalDmaTerminate
 .text.CC_PalMutexCreate
                0x000000000000b6ac       0x14 C:/ncs/v3.0.2/nrfxlib/crypto/nrf_cc310_platform/lib/cortex-m4/soft-float/no-interrupts/libnrf_cc310_platform_0.9.19.a(cc_pal_mutex.c.obj)
                0x000000000000b6ac                CC_PalMutexCreate
 .text.CC_PalMutexDestroy
                0x000000000000b6c0       0x14 C:/ncs/v3.0.2/nrfxlib/crypto/nrf_cc310_platform/lib/cortex-m4/soft-float/no-interrupts/libnrf_cc310_platform_0.9.19.a(cc_pal_mutex.c.obj)
                0x000000000000b6c0                CC_PalMutexDestroy
 .text.CC_PalPowerSaveModeInit
                0x000000000000b6d4       0x3c C:/ncs/v3.0.2/nrfxlib/crypto/nrf_cc310_platform/lib/cortex-m4/soft-float/no-interrupts/libnrf_cc310_platform_0.9.19.a(cc_pal_pm.c.obj)
                0x000000000000b6d4                CC_PalPowerSaveModeInit
 .text.CC_PalPowerSaveModeSelect
                0x000000000000b710       0x84 C:/ncs/v3.0.2/nrfxlib/crypto/nrf_cc310_platform/lib/cortex-m4/soft-float/no-interrupts/libnrf_cc310_platform_0.9.19.a(cc_pal_pm.c.obj)
                0x000000000000b710                CC_PalPowerSaveModeSelect
 .text.snprintf
                0x000000000000b794       0x58 c:\ncs\toolchains\0b393f9e1b\opt\zephyr-sdk\arm-zephyr-eabi\bin\../lib/gcc/../../picolibc/arm-zephyr-eabi/lib/thumb/v7e-m/nofp\libc.a(libc_tinystdio_snprintf.c.o)
                0x000000000000b794                snprintf
 .text.__l_vfprintf
                0x000000000000b7ec      0x4b8 c:\ncs\toolchains\0b393f9e1b\opt\zephyr-sdk\arm-zephyr-eabi\bin\../lib/gcc/../../picolibc/arm-zephyr-eabi/lib/thumb/v7e-m/nofp\libc.a(libc_tinystdio_vflprintf.c.o)
                0x000000000000b7ec                __l_vfprintf
 .text._OffsetAbsSyms
                0x000000000000bca4        0x2 zephyr/CMakeFiles/offsets.dir/./arch/arm/core/offsets/offsets.c.obj
                0x000000000000bca4                _OffsetAbsSyms
 .text.z_log_msg_simple_create_0
                0x000000000000bca6        0x4 app/libapp.a(main.c.obj)
 .text.chunk_field
                0x000000000000bcaa       0x16 zephyr/libzephyr.a(heap.c.obj)
 .text.chunk_set
                0x000000000000bcc0       0x16 zephyr/libzephyr.a(heap.c.obj)
 .text.chunk_size
                0x000000000000bcd6        0xc zephyr/libzephyr.a(heap.c.obj)
 .text.set_chunk_used
                0x000000000000bce2       0x30 zephyr/libzephyr.a(heap.c.obj)
 .text.set_chunk_size
                0x000000000000bd12        0x8 zephyr/libzephyr.a(heap.c.obj)
 .text.mem_to_chunkid
                0x000000000000bd1a       0x14 zephyr/libzephyr.a(heap.c.obj)
 .text.bucket_idx.isra.0
                0x000000000000bd2e       0x1c zephyr/libzephyr.a(heap.c.obj)
 .text.free_list_remove_bidx
                0x000000000000bd4a       0x5c zephyr/libzephyr.a(heap.c.obj)
 .text.free_list_remove
                0x000000000000bda6       0x2e zephyr/libzephyr.a(heap.c.obj)
 .text.alloc_chunk
                0x000000000000bdd4       0x74 zephyr/libzephyr.a(heap.c.obj)
 .text.split_chunks
                0x000000000000be48       0x4e zephyr/libzephyr.a(heap.c.obj)
 .text.merge_chunks
                0x000000000000be96       0x3c zephyr/libzephyr.a(heap.c.obj)
 .text.free_list_add
                0x000000000000bed2       0x84 zephyr/libzephyr.a(heap.c.obj)
 .text.free_chunk
                0x000000000000bf56       0x84 zephyr/libzephyr.a(heap.c.obj)
 .text.sys_heap_free
                0x000000000000bfda       0x24 zephyr/libzephyr.a(heap.c.obj)
                0x000000000000bfda                sys_heap_free
 .text.sys_heap_alloc
                0x000000000000bffe       0x6e zephyr/libzephyr.a(heap.c.obj)
                0x000000000000bffe                sys_heap_alloc
 .text.sys_heap_aligned_alloc
                0x000000000000c06c       0xe8 zephyr/libzephyr.a(heap.c.obj)
                0x000000000000c06c                sys_heap_aligned_alloc
 .text.sys_heap_init
                0x000000000000c154       0xb0 zephyr/libzephyr.a(heap.c.obj)
                0x000000000000c154                sys_heap_init
 .text.cbpprintf_external
                0x000000000000c204       0x62 zephyr/libzephyr.a(cbprintf_packaged.c.obj)
                0x000000000000c204                cbpprintf_external
 .text.is_ptr   0x000000000000c266       0x4a zephyr/libzephyr.a(cbprintf_packaged.c.obj)
                0x000000000000c266                is_ptr
 .text.arch_printk_char_out
                0x000000000000c2b0        0x4 zephyr/libzephyr.a(printk.c.obj)
                0x000000000000c2b0                arch_printk_char_out
 .text.printk   0x000000000000c2b4       0x1a zephyr/libzephyr.a(printk.c.obj)
                0x000000000000c2b4                printk
 .text.free_space
                0x000000000000c2ce       0x26 zephyr/libzephyr.a(mpsc_pbuf.c.obj)
 .text.get_usage
                0x000000000000c2f4       0x22 zephyr/libzephyr.a(mpsc_pbuf.c.obj)
 .text.idx_inc  0x000000000000c316       0x1c zephyr/libzephyr.a(mpsc_pbuf.c.obj)
 .text.rd_idx_inc
                0x000000000000c332       0x18 zephyr/libzephyr.a(mpsc_pbuf.c.obj)
 .text.add_skip_item
                0x000000000000c34a       0x3a zephyr/libzephyr.a(mpsc_pbuf.c.obj)
 .text.drop_item_locked
                0x000000000000c384       0xee zephyr/libzephyr.a(mpsc_pbuf.c.obj)
 .text.post_drop_action
                0x000000000000c472       0x36 zephyr/libzephyr.a(mpsc_pbuf.c.obj)
 .text.max_utilization_update
                0x000000000000c4a8       0x1a zephyr/libzephyr.a(mpsc_pbuf.c.obj)
 .text.mpsc_pbuf_init
                0x000000000000c4c2       0x42 zephyr/libzephyr.a(mpsc_pbuf.c.obj)
                0x000000000000c4c2                mpsc_pbuf_init
 .text.mpsc_pbuf_alloc
                0x000000000000c504       0xfe zephyr/libzephyr.a(mpsc_pbuf.c.obj)
                0x000000000000c504                mpsc_pbuf_alloc
 .text.mpsc_pbuf_commit
                0x000000000000c602       0x3e zephyr/libzephyr.a(mpsc_pbuf.c.obj)
                0x000000000000c602                mpsc_pbuf_commit
 .text.mpsc_pbuf_claim
                0x000000000000c640       0xa8 zephyr/libzephyr.a(mpsc_pbuf.c.obj)
                0x000000000000c640                mpsc_pbuf_claim
 .text.mpsc_pbuf_free
                0x000000000000c6e8       0x76 zephyr/libzephyr.a(mpsc_pbuf.c.obj)
                0x000000000000c6e8                mpsc_pbuf_free
 .text.mpsc_pbuf_is_pending
                0x000000000000c75e       0x32 zephyr/libzephyr.a(mpsc_pbuf.c.obj)
                0x000000000000c75e                mpsc_pbuf_is_pending
 .text.sys_slist_find_and_remove
                0x000000000000c790       0x36 zephyr/libzephyr.a(onoff.c.obj)
 .text.process_recheck
                0x000000000000c7c6       0x38 zephyr/libzephyr.a(onoff.c.obj)
 .text.validate_args
                0x000000000000c7fe       0x20 zephyr/libzephyr.a(onoff.c.obj)
 .text.notify_one
                0x000000000000c81e       0x2c zephyr/libzephyr.a(onoff.c.obj)
 .text.transition_complete
                0x000000000000c84a       0x1a zephyr/libzephyr.a(onoff.c.obj)
 .text.onoff_manager_init
                0x000000000000c864       0x26 zephyr/libzephyr.a(onoff.c.obj)
                0x000000000000c864                onoff_manager_init
 .text.onoff_request
                0x000000000000c88a       0xae zephyr/libzephyr.a(onoff.c.obj)
                0x000000000000c88a                onoff_request
 .text.onoff_release
                0x000000000000c938       0x48 zephyr/libzephyr.a(onoff.c.obj)
                0x000000000000c938                onoff_release
 .text.onoff_cancel
                0x000000000000c980       0x36 zephyr/libzephyr.a(onoff.c.obj)
                0x000000000000c980                onoff_cancel
 .text.sys_notify_validate
                0x000000000000c9b6       0x22 zephyr/libzephyr.a(notify.c.obj)
                0x000000000000c9b6                sys_notify_validate
 .text.sys_notify_finalize
                0x000000000000c9d8       0x1a zephyr/libzephyr.a(notify.c.obj)
                0x000000000000c9d8                sys_notify_finalize
 .text.ring_buf_put_claim
                0x000000000000c9f2       0x3e zephyr/libzephyr.a(ring_buffer.c.obj)
                0x000000000000c9f2                ring_buf_put_claim
 .text.ring_buf_put_finish
                0x000000000000ca30       0x2a zephyr/libzephyr.a(ring_buffer.c.obj)
                0x000000000000ca30                ring_buf_put_finish
 .text.ring_buf_put
                0x000000000000ca5a       0x3e zephyr/libzephyr.a(ring_buffer.c.obj)
                0x000000000000ca5a                ring_buf_put
 .text.ring_buf_get_claim